
[1m[30m[46m RUN [49m[39m[22m [36mv4.1.6 [39m[90mC:/Users/Zemoso/Desktop/JS/StoryBook[39m

 [32mG£ô[39m src/components/atoms/Badge/index.test.tsx[2m > [22mBadge[2m > [22mrenders with status[32m 272[2mms[22m[39m
 [31m+ù[39m src/components/atoms/Badge/index.test.tsx[2m > [22mBadge[2m > [22mrenders children[32m 93[2mms[22m[39m
[31m   GåÆ Unable to find an element with the text: Icon. This could be because the text is broken up by multiple elements. In this case, you can provide a function for your text matcher to make your matcher more flexible.

Ignored nodes: comments, script, style
[36m<body>[31m
  [36m<div>[31m
    [36m<span[31m
      [33mclass[31m=[32m"atom-badge"[31m
      [33mstyle[31m=[32m"background: rgba(16, 185, 129, 0.18); color: rgb(167, 243, 208);"[31m
    [36m>[31m
      [0mCompleted[0m
    [36m</span>[31m
  [36m</div>[31m
[36m</body>[31m[39m
 [32mG£ô[39m src/components/atoms/Badge/index.test.tsx[2m > [22mBadge[2m > [22mapplies default variant[32m 28[2mms[22m[39m
 [32mG£ô[39m src/components/atoms/Badge/index.test.tsx[2m > [22mBadge[2m > [22mapplies completed variant[32m 12[2mms[22m[39m
 [32mG£ô[39m src/components/atoms/Button/index.test.tsx[2m > [22mButton[2m > [22mrenders with label[33m 994[2mms[22m[39m
 [32mG£ô[39m src/components/atoms/Button/index.test.tsx[2m > [22mButton[2m > [22mcalls onClick when clicked[32m 275[2mms[22m[39m
 [32mG£ô[39m src/components/atoms/Button/index.test.tsx[2m > [22mButton[2m > [22mapplies primary variant by default[32m 100[2mms[22m[39m
 [32mG£ô[39m src/components/atoms/Button/index.test.tsx[2m > [22mButton[2m > [22mapplies secondary variant[32m 123[2mms[22m[39m
 [32mG£ô[39m src/components/atoms/Input/index.test.tsx[2m > [22mInput[2m > [22mrenders with placeholder[33m 531[2mms[22m[39m
 [32mG£ô[39m src/components/atoms/Input/index.test.tsx[2m > [22mInput[2m > [22mrenders with value[32m 59[2mms[22m[39m
 [32mG£ô[39m src/components/atoms/Input/index.test.tsx[2m > [22mInput[2m > [22mcalls onChange when typing[33m 845[2mms[22m[39m
 [32mG£ô[39m src/components/atoms/Input/index.test.tsx[2m > [22mInput[2m > [22mis a TextField component[32m 169[2mms[22m[39m
[90mstderr[2m | src/components/pages/SettingsPage/index.test.tsx[2m > [22m[2mSettingsPage[2m > [22m[2mrenders settings page heading
[22m[39mWarning: React does not recognize the `alignItems` prop on a DOM element. If you intentionally want it to appear in the DOM as a custom attribute, spell it as lowercase `alignitems` instead. If you accidentally passed it from a parent component, remove it from the DOM element.
    at div
    at C:\Users\Zemoso\Desktop\JS\StoryBook\node_modules\@emotion\react\dist\emotion-element-e8f4cc37.development.cjs.js:60:23
    at Grid (file:///C:/Users/Zemoso/Desktop/JS/StoryBook/node_modules/@mui/system/Stack/createStack.mjs:136:24)
    at div
    at C:\Users\Zemoso\Desktop\JS\StoryBook\node_modules\@emotion\react\dist\emotion-element-e8f4cc37.development.cjs.js:60:23
    at CardContent (file:///C:/Users/Zemoso/Desktop/JS/StoryBook/node_modules/@mui/material/CardContent/CardContent.mjs:30:17)
    at div
    at C:\Users\Zemoso\Desktop\JS\StoryBook\node_modules\@emotion\react\dist\emotion-element-e8f4cc37.development.cjs.js:60:23
    at Paper (file:///C:/Users/Zemoso/Desktop/JS/StoryBook/node_modules/@mui/material/Paper/Paper.mjs:68:17)
    at C:\Users\Zemoso\Desktop\JS\StoryBook\node_modules\@emotion\react\dist\emotion-element-e8f4cc37.development.cjs.js:60:23
    at Card (file:///C:/Users/Zemoso/Desktop/JS/StoryBook/node_modules/@mui/material/Card/Card.mjs:29:17)
    at div
    at C:\Users\Zemoso\Desktop\JS\StoryBook\node_modules\@emotion\react\dist\emotion-element-e8f4cc37.development.cjs.js:60:23
    at Box (file:///C:/Users/Zemoso/Desktop/JS/StoryBook/node_modules/@mui/system/createBox/createBox.mjs:20:19)
    at SettingsPage (C:/Users/Zemoso/Desktop/JS/StoryBook/src/components/pages/SettingsPage/index.tsx:12:69)
System.Management.Automation.RemoteException
 [31m+ù[39m src/components/organisms/Navbar/index.test.tsx[2m > [22mNavbar[2m > [22mrenders title[33m 308[2mms[22m[39m
[31m   GåÆ Unable to find an element with the text: Dashboard. This could be because the text is broken up by multiple elements. In this case, you can provide a function for your text matcher to make your matcher more flexible.

Ignored nodes: comments, script, style
[36m<body>[31m
  [36m<div>[31m
    [36m<div[31m
      [33mclass[31m=[32m"MuiBox-root css-69i1ev"[31m
    [36m>[31m
      [36m<div[31m
        [33mclass[31m=[32m"MuiBox-root css-0"[31m
      [36m>[31m
        [36m<span[31m
          [33mclass[31m=[32m"MuiTypography-root MuiTypography-overline css-1nb37h6-MuiTypography-root"[31m
        [36m>[31m
          [0mTask Dashboard[0m
        [36m</span>[31m
        [36m<h4[31m
          [33mclass[31m=[32m"MuiTypography-root MuiTypography-h4 css-4cbfv-MuiTypography-root"[31m
        [36m>[31m
          [0mChallenge Center[0m
        [36m</h4>[31m
      [36m</div>[31m
      [36m<div[31m
        [33mclass[31m=[32m"atom-avatar"[31m
      [36m>[31m
        [0mAT[0m
      [36m</div>[31m
    [36m</div>[31m
  [36m</div>[31m
[36m</body>[31m[39m
 [31m+ù[39m src/components/organisms/Navbar/index.test.tsx[2m > [22mNavbar[2m > [22mrenders navigation items[32m 37[2mms[22m[39m
[31m   GåÆ Unable to find an element with the text: Home. This could be because the text is broken up by multiple elements. In this case, you can provide a function for your text matcher to make your matcher more flexible.

Ignored nodes: comments, script, style
[36m<body>[31m
  [36m<div>[31m
    [36m<div[31m
      [33mclass[31m=[32m"MuiBox-root css-69i1ev"[31m
    [36m>[31m
      [36m<div[31m
        [33mclass[31m=[32m"MuiBox-root css-0"[31m
      [36m>[31m
        [36m<span[31m
          [33mclass[31m=[32m"MuiTypography-root MuiTypography-overline css-1nb37h6-MuiTypography-root"[31m
        [36m>[31m
          [0mTask Dashboard[0m
        [36m</span>[31m
        [36m<h4[31m
          [33mclass[31m=[32m"MuiTypography-root MuiTypography-h4 css-4cbfv-MuiTypography-root"[31m
        [36m>[31m
          [0mChallenge Center[0m
        [36m</h4>[31m
      [36m</div>[31m
      [36m<div[31m
        [33mclass[31m=[32m"atom-avatar"[31m
      [36m>[31m
        [0mAT[0m
      [36m</div>[31m
    [36m</div>[31m
  [36m</div>[31m
[36m</body>[31m[39m
 [31m+ù[39m src/components/organisms/Navbar/index.test.tsx[2m > [22mNavbar[2m > [22mis an AppBar component[33m 902[2mms[22m[39m
[31m   GåÆ Unable to find an accessible element with the role "banner"

Here are the accessible roles:

  heading:

  Name "Challenge Center":
  [36m<h4[31m
    [33mclass[31m=[32m"MuiTypography-root MuiTypography-h4 css-4cbfv-MuiTypography-root"[31m
  [36m/>[31m

  --------------------------------------------------

Ignored nodes: comments, script, style
[36m<body>[31m
  [36m<div>[31m
    [36m<div[31m
      [33mclass[31m=[32m"MuiBox-root css-69i1ev"[31m
    [36m>[31m
      [36m<div[31m
        [33mclass[31m=[32m"MuiBox-root css-0"[31m
      [36m>[31m
        [36m<span[31m
          [33mclass[31m=[32m"MuiTypography-root MuiTypography-overline css-1nb37h6-MuiTypography-root"[31m
        [36m>[31m
          [0mTask Dashboard[0m
        [36m</span>[31m
        [36m<h4[31m
          [33mclass[31m=[32m"MuiTypography-root MuiTypography-h4 css-4cbfv-MuiTypography-root"[31m
        [36m>[31m
          [0mChallenge Center[0m
        [36m</h4>[31m
      [36m</div>[31m
      [36m<div[31m
        [33mclass[31m=[32m"atom-avatar"[31m
      [36m>[31m
        [0mAT[0m
      [36m</div>[31m
    [36m</div>[31m
  [36m</div>[31m
[36m</body>[31m[39m
 [32mG£ô[39m src/components/organisms/ChallengeList/index.test.tsx[2m > [22mChallengeList[2m > [22mrenders list of challenges[33m 742[2mms[22m[39m
 [31m+ù[39m src/components/organisms/ChallengeList/index.test.tsx[2m > [22mChallengeList[2m > [22mrenders empty state when no challenges[32m 41[2mms[22m[39m
[31m   GåÆ Unable to find an element with the text: No challenges yet. Add your first challenge!. This could be because the text is broken up by multiple elements. In this case, you can provide a function for your text matcher to make your matcher more flexible.

Ignored nodes: comments, script, style
[36m<body>[31m
  [36m<div>[31m
    [36m<p[31m
      [33mclass[31m=[32m"MuiTypography-root MuiTypography-body1 css-10qbz3q-MuiTypography-root"[31m
    [36m>[31m
      [0mNo challenges yet. Add a task to get started.[0m
    [36m</p>[31m
  [36m</div>[31m
[36m</body>[31m[39m
 [32mG£ô[39m src/components/organisms/ChallengeList/index.test.tsx[2m > [22mChallengeList[2m > [22mcalls onToggleStatus when challenge is toggled[32m 48[2mms[22m[39m
 [31m+ù[39m src/components/organisms/ChallengeList/index.test.tsx[2m > [22mChallengeList[2m > [22mis a List component[33m 1140[2mms[22m[39m
[31m   GåÆ Unable to find an accessible element with the role "list"

Here are the accessible roles:

  heading:

  Name "Challenge 1":
  [36m<h6[31m
    [33mclass[31m=[32m"MuiTypography-root MuiTypography-subtitle1 css-1o8i5lp-MuiTypography-root"[31m
  [36m/>[31m

  Name "Challenge 2":
  [36m<h6[31m
    [33mclass[31m=[32m"MuiTypography-root MuiTypography-subtitle1 css-1o8i5lp-MuiTypography-root"[31m
  [36m/>[31m

  --------------------------------------------------
  button:

  Name "Mark Completed":
  [36m<button[31m
    [33mclass[31m=[32m"MuiButtonBase-root MuiButton-root MuiButton-outlined MuiButton-sizeMedium MuiButton-colorPrimary css-v6ccy4-MuiButtonBase-root-MuiButton-root"[31m
    [33mtabindex[31m=[32m"0"[31m
    [33mtype[31m=[32m"button"[31m
  [36m/>[31m

  Name "Mark Pending":
  [36m<button[31m
    [33mclass[31m=[32m"MuiButtonBase-root MuiButton-root MuiButton-outlined MuiButton-sizeMedium MuiButton-colorPrimary css-v6ccy4-MuiButtonBase-root-MuiButton-root"[31m
    [33mtabindex[31m=[32m"0"[31m
    [33mtype[31m=[32m"button"[31m
  [36m/>[31m

  --------------------------------------------------

Ignored nodes: comments, script, style
[36m<body>[31m
  [36m<div>[31m
    [36m<div[31m
      [33mclass[31m=[32m"MuiBox-root css-1p44k52"[31m
    [36m>[31m
      [36m<div[31m
        [33mclass[31m=[32m"MuiBox-root css-1x215ki"[31m
      [36m>[31m
        [36m<div[31m
          [33mclass[31m=[32m"MuiBox-root css-69i1ev"[31m
        [36m>[31m
          [36m<h6[31m
            [33mclass[31m=[32m"MuiTypography-root MuiTypography-subtitle1 css-1o8i5lp-MuiTypography-root"[31m
          [36m>[31m
            [0mChallenge 1[0m
          [36m</h6>[31m
          [36m<span[31m
            [33mclass[31m=[32m"atom-badge"[31m
            [33mstyle[31m=[32m"background: rgba(245, 158, 11, 0.18); color: rgb(252, 211, 77);"[31m
          [36m>[31m
            [0mPending[0m
          [36m</span>[31m
        [36m</div>[31m
        [36m<button[31m
          [33mclass[31m=[32m"MuiButtonBase-root MuiButton-root MuiButton-outlined MuiButton-sizeMedium MuiButton-colorPrimary css-v6ccy4-MuiButtonBase-root-MuiButton-root"[31m
          [33mtabindex[31m=[32m"0"[31m
          [33mtype[31m=[32m"button"[31m
        [36m>[31m
          [0mMark Completed[0m
        [36m</button>[31m
      [36m</div>[31m
      [36m<div[31m
        [33mclass[31m=[32m"MuiBox-root css-1x215ki"[31m
      [36m>[31m
        [36m<div[31m
          [33mclass[31m=[32m"MuiBox-root css-69i1ev"[31m
        [36m>[31m
          [36m<h6[31m
            [33mclass[31m=[32m"MuiTypography-root MuiTypography-subtitle1 css-1o8i5lp-MuiTypography-root"[31m
          [36m>[31m
            [0mChallenge 2[0m
          [36m</h6>[31m
          [36m<span[31m
            [33mclass[31m=[32m"atom-badge"[31m
            [33mstyle[31m=[32m"background: rgba(16, 185, 129, 0.18); color: rgb(167, 243, 208);"[31m
          [36m>[31m
            [0mCompleted[0m
          [36m</span>[31m
        [36m</div>[31m
        [36m<button[31m
          [33mclass[31m=[32m"MuiButtonBase-root MuiButton-root MuiButton-outlined MuiButton-sizeMedium MuiButton-colorPrimary css-v6ccy4-MuiButtonBase-root-MuiButton-root"[31m
          [33mtabindex[31m=[32m"0"[31m
          [33mtype[31m=[32m"button"[31m
        [36m>[31m
          [0mMark Pending[0m
        [36m</button>[31m
      [36m</div>[31m
    [36m</div>[31m
  [36m</div>[31m
[36m</body>[31m[39m
 [32mG£ô[39m src/components/molecules/SearchBar/index.test.tsx[2m > [22mSearchBar[2m > [22mrenders input field[33m 753[2mms[22m[39m
 [32mG£ô[39m src/components/pages/SettingsPage/index.test.tsx[2m > [22mSettingsPage[2m > [22mrenders settings page heading[33m 800[2mms[22m[39m
 [31m+ù[39m src/components/organisms/Sidebar/index.test.tsx[2m > [22mSidebar[2m > [22mrenders menu items[33m 642[2mms[22m[39m
[31m   GåÆ Unable to find an element with the text: Dashboard. This could be because the text is broken up by multiple elements. In this case, you can provide a function for your text matcher to make your matcher more flexible.

Ignored nodes: comments, script, style
[36m<body>[31m
  [36m<div>[31m
    [36m<div[31m
      [33mclass[31m=[32m"MuiBox-root css-1mwdkd4"[31m
    [36m>[31m
      [36m<div[31m
        [33mclass[31m=[32m"MuiBox-root css-0"[31m
      [36m>[31m
        [36m<span[31m
          [33mclass[31m=[32m"MuiTypography-root MuiTypography-overline css-1c7xfgu-MuiTypography-root"[31m
        [36m>[31m
          [0mOverview[0m
        [36m</span>[31m
        [36m<h6[31m
          [33mclass[31m=[32m"MuiTypography-root MuiTypography-h6 css-12zfj8h-MuiTypography-root"[31m
        [36m>[31m
          [0mProgress board[0m
        [36m</h6>[31m
      [36m</div>[31m
      [36m<div[31m
        [33mclass[31m=[32m"MuiStack-root css-jfdv4h-MuiStack-root"[31m
      [36m>[31m
        [36m<div[31m
          [33mclass[31m=[32m"MuiBox-root css-69i1ev"[31m
        [36m>[31m
          [36m<p[31m
            [33mclass[31m=[32m"MuiTypography-root MuiTypography-body1 css-rizt0-MuiTypography-root"[31m
          [36m>[31m
            [0mCompleted[0m
          [36m</p>[31m
          [36m<span[31m
            [33mclass[31m=[32m"atom-badge"[31m
            [33mstyle[31m=[32m"background: rgba(16, 185, 129, 0.18); color: rgb(167, 243, 208);"[31m
          [36m>[31m
            [0mCompleted[0m
          [36m</span>[31m
        [36m</div>[31m
        [36m<div[31m
          [33mclass[31m=[32m"MuiBox-root css-69i1ev"[31m
        [36m>[31m
          [36m<p[31m
            [33mclass[31m=[32m"MuiTypography-root MuiTypography-body1 css-rizt0-MuiTypography-root"[31m
          [36m>[31m
            [0mPending[0m
          [36m</p>[31m
          [36m<span[31m
            [33mclass[31m=[32m"atom-badge"[31m
            [33mstyle[31m=[32m"background: rgba(245, 158, 11, 0.18); color: rgb(252, 211, 77);"[31m
          [36m>[31m
            [0mPending[0m
          [36m</span>[31m
        [36m</div>[31m
      [36m</div>[31m
      [36m<div[31m
        [33mclass[31m=[32m"MuiPaper-root MuiPaper-outlined MuiPaper-rounded css-au2cb0-MuiPaper-root"[31m
      [36m>[31m
        [36m<h6[31m
          [33mclass[31m=[32m"MuiTypography-root MuiTypography-subtitle2 css-1ypmsg6-MuiTypography-root"[31m
        [36m>[31m
          [0mNext milestone[0m
        [36m</h6>[31m
        [36m<p[31m
          [33mclass[31m=[32m"MuiTypography-root MuiTypography-body1 css-38rnu9-MuiTypography-root"[31m
        [36m>[31m
          [0mShare report by Friday[0m
        [36m</p>[31m
      [36m</div>[31m
    [36m</div>[31m
  [36m</div>[31m
[36m</body>[31m[39m
 [31m+ù[39m src/components/organisms/Sidebar/index.test.tsx[2m > [22mSidebar[2m > [22mis a Drawer component[33m 1160[2mms[22m[39m
[31m   GåÆ Unable to find an accessible element with the role "complementary"

Here are the accessible roles:

  heading:

  Name "Progress board":
  [36m<h6[31m
    [33mclass[31m=[32m"MuiTypography-root MuiTypography-h6 css-12zfj8h-MuiTypography-root"[31m
  [36m/>[31m

  Name "Next milestone":
  [36m<h6[31m
    [33mclass[31m=[32m"MuiTypography-root MuiTypography-subtitle2 css-1ypmsg6-MuiTypography-root"[31m
  [36m/>[31m

  --------------------------------------------------
  paragraph:

  Name "":
  [36m<p[31m
    [33mclass[31m=[32m"MuiTypography-root MuiTypography-body1 css-rizt0-MuiTypography-root"[31m
  [36m/>[31m

  Name "":
  [36m<p[31m
    [33mclass[31m=[32m"MuiTypography-root MuiTypography-body1 css-rizt0-MuiTypography-root"[31m
  [36m/>[31m

  Name "":
  [36m<p[31m
    [33mclass[31m=[32m"MuiTypography-root MuiTypography-body1 css-38rnu9-MuiTypography-root"[31m
  [36m/>[31m

  --------------------------------------------------

Ignored nodes: comments, script, style
[36m<body>[31m
  [36m<div>[31m
    [36m<div[31m
      [33mclass[31m=[32m"MuiBox-root css-1mwdkd4"[31m
    [36m>[31m
      [36m<div[31m
        [33mclass[31m=[32m"MuiBox-root css-0"[31m
      [36m>[31m
        [36m<span[31m
          [33mclass[31m=[32m"MuiTypography-root MuiTypography-overline css-1c7xfgu-MuiTypography-root"[31m
        [36m>[31m
          [0mOverview[0m
        [36m</span>[31m
        [36m<h6[31m
          [33mclass[31m=[32m"MuiTypography-root MuiTypography-h6 css-12zfj8h-MuiTypography-root"[31m
        [36m>[31m
          [0mProgress board[0m
        [36m</h6>[31m
      [36m</div>[31m
      [36m<div[31m
        [33mclass[31m=[32m"MuiStack-root css-jfdv4h-MuiStack-root"[31m
      [36m>[31m
        [36m<div[31m
          [33mclass[31m=[32m"MuiBox-root css-69i1ev"[31m
        [36m>[31m
          [36m<p[31m
            [33mclass[31m=[32m"MuiTypography-root MuiTypography-body1 css-rizt0-MuiTypography-root"[31m
          [36m>[31m
            [0mCompleted[0m
          [36m</p>[31m
          [36m<span[31m
            [33mclass[31m=[32m"atom-badge"[31m
            [33mstyle[31m=[32m"background: rgba(16, 185, 129, 0.18); color: rgb(167, 243, 208);"[31m
          [36m>[31m
            [0mCompleted[0m
          [36m</span>[31m
        [36m</div>[31m
        [36m<div[31m
          [33mclass[31m=[32m"MuiBox-root css-69i1ev"[31m
        [36m>[31m
          [36m<p[31m
            [33mclass[31m=[32m"MuiTypography-root MuiTypography-body1 css-rizt0-MuiTypography-root"[31m
          [36m>[31m
            [0mPending[0m
          [36m</p>[31m
          [36m<span[31m
            [33mclass[31m=[32m"atom-badge"[31m
            [33mstyle[31m=[32m"background: rgba(245, 158, 11, 0.18); color: rgb(252, 211, 77);"[31m
          [36m>[31m
            [0mPending[0m
          [36m</span>[31m
        [36m</div>[31m
      [36m</div>[31m
      [36m<div[31m
        [33mclass[31m=[32m"MuiPaper-root MuiPaper-outlined MuiPaper-rounded css-au2cb0-MuiPaper-root"[31m
      [36m>[31m
        [36m<h6[31m
          [33mclass[31m=[32m"MuiTypography-root MuiTypography-subtitle2 css-1ypmsg6-MuiTypography-root"[31m
        [36m>[31m
          [0mNext milestone[0m
        [36m</h6>[31m
        [36m<p[31m
          [33mclass[31m=[32m"MuiTypography-root MuiTypography-body1 css-38rnu9-MuiTypography-root"[31m
        [36m>[31m
          [0mShare report by Friday[0m
        [36m</p>[31m
      [36m</div>[31m
    [36m</div>[31m
  [36m</div>[31m
[36m</body>[31m[39m
 [31m+ù[39m src/components/organisms/AddChallengeForm/index.test.tsx[2m > [22mAddChallengeForm[2m > [22mrenders form fields[33m 1230[2mms[22m[39m
[31m   GåÆ Unable to find a label with the text of: Challenge Title

Ignored nodes: comments, script, style
[36m<body>[31m
  [36m<div>[31m
    [36m<div[31m
      [33mclass[31m=[32m"MuiBox-root css-1p44k52"[31m
    [36m>[31m
      [36m<h6[31m
        [33mclass[31m=[32m"MuiTypography-root MuiTypography-h6 css-1miy0lu-MuiTypography-root"[31m
      [36m>[31m
        [0mAdd a new challenge[0m
      [36m</h6>[31m
      [36m<div[31m
        [33mclass[31m=[32m"MuiFormControl-root MuiFormControl-fullWidth MuiTextField-root css-cmpglg-MuiFormControl-root-MuiTextField-root"[31m
      [36m>[31m
        [36m<label[31m
          [33mclass[31m=[32m"MuiFormLabel-root MuiInputLabel-root MuiInputLabel-formControl MuiInputLabel-animated MuiInputLabel-outlined MuiFormLabel-colorPrimary MuiInputLabel-root MuiInputLabel-formControl MuiInputLabel-animated MuiInputLabel-outlined css-19qnlrw-MuiFormLabel-root-MuiInputLabel-root"[31m
          [33mdata-shrink[31m=[32m"false"[31m
          [33mfor[31m=[32m":r0:"[31m
          [33mid[31m=[32m":r0:-label"[31m
        [36m>[31m
          [0mChallenge title[0m
        [36m</label>[31m
        [36m<div[31m
          [33mclass[31m=[32m"MuiInputBase-root MuiOutlinedInput-root MuiInputBase-colorPrimary MuiInputBase-fullWidth MuiInputBase-formControl css-1blp12k-MuiInputBase-root-MuiOutlinedInput-root"[31m
        [36m>[31m
          [36m<input[31m
            [33maria-invalid[31m=[32m"false"[31m
            [33mclass[31m=[32m"MuiInputBase-input MuiOutlinedInput-input css-16wblaj-MuiInputBase-input-MuiOutlinedInput-input"[31m
            [33mid[31m=[32m":r0:"[31m
            [33mplaceholder[31m=[32m"Design a new task section"[31m
            [33mtype[31m=[32m"text"[31m
            [33mvalue[31m=[32m""[31m
          [36m/>[31m
          [36m<fieldset[31m
            [33maria-hidden[31m=[32m"true"[31m
            [33mclass[31m=[32m"MuiOutlinedInput-notchedOutline css-18p5xg2-MuiNotchedOutlined-root-MuiOutlinedInput-notchedOutline"[31m
          [36m>[31m
            [36m<legend[31m
              [33mclass[31m=[32m"css-1n64csd-MuiNotchedOutlined-root"[31m
            [36m>[31m
              [36m<span>[31m
                [0mChallenge title[0m
              [36m</span>[31m
            [36m</legend>[31m
          [36m</fieldset>[31m
        [36m</div>[31m
      [36m</div>[31m
      [36m<button[31m
        [33mclass[31m=[32m"MuiButtonBase-root MuiButton-root MuiButton-contained MuiButton-sizeMedium MuiButton-colorPrimary css-1xwf61x-MuiButtonBase-root-MuiButton-root"[31m
        [33mtabindex[31m=[32m"0"[31m
        [33mtype[31m=[32m"button"[31m
      [36m>[31m
        [0mEnter title[0m
      [36m</button>[31m
    [36m</div>[31m
  [36m</div>[31m
[36m</body>[31m[39m
 [31m+ù[39m src/components/organisms/AddChallengeForm/index.test.tsx[2m > [22mAddChallengeForm[2m > [22mcalls onAddChallenge when form is submitted[32m 173[2mms[22m[39m
[31m   GåÆ Unable to find a label with the text of: Challenge Title

Ignored nodes: comments, script, style
[36m<body>[31m
  [36m<div>[31m
    [36m<div[31m
      [33mclass[31m=[32m"MuiBox-root css-1p44k52"[31m
    [36m>[31m
      [36m<h6[31m
        [33mclass[31m=[32m"MuiTypography-root MuiTypography-h6 css-1miy0lu-MuiTypography-root"[31m
      [36m>[31m
        [0mAdd a new challenge[0m
      [36m</h6>[31m
      [36m<div[31m
        [33mclass[31m=[32m"MuiFormControl-root MuiFormControl-fullWidth MuiTextField-root css-cmpglg-MuiFormControl-root-MuiTextField-root"[31m
      [36m>[31m
        [36m<label[31m
          [33mclass[31m=[32m"MuiFormLabel-root MuiInputLabel-root MuiInputLabel-formControl MuiInputLabel-animated MuiInputLabel-outlined MuiFormLabel-colorPrimary MuiInputLabel-root MuiInputLabel-formControl MuiInputLabel-animated MuiInputLabel-outlined css-19qnlrw-MuiFormLabel-root-MuiInputLabel-root"[31m
          [33mdata-shrink[31m=[32m"false"[31m
          [33mfor[31m=[32m":r2:"[31m
          [33mid[31m=[32m":r2:-label"[31m
        [36m>[31m
          [0mChallenge title[0m
        [36m</label>[31m
        [36m<div[31m
          [33mclass[31m=[32m"MuiInputBase-root MuiOutlinedInput-root MuiInputBase-colorPrimary MuiInputBase-fullWidth MuiInputBase-formControl css-1blp12k-MuiInputBase-root-MuiOutlinedInput-root"[31m
        [36m>[31m
          [36m<input[31m
            [33maria-invalid[31m=[32m"false"[31m
            [33mclass[31m=[32m"MuiInputBase-input MuiOutlinedInput-input css-16wblaj-MuiInputBase-input-MuiOutlinedInput-input"[31m
            [33mid[31m=[32m":r2:"[31m
            [33mplaceholder[31m=[32m"Design a new task section"[31m
            [33mtype[31m=[32m"text"[31m
            [33mvalue[31m=[32m""[31m
          [36m/>[31m
          [36m<fieldset[31m
            [33maria-hidden[31m=[32m"true"[31m
            [33mclass[31m=[32m"MuiOutlinedInput-notchedOutline css-18p5xg2-MuiNotchedOutlined-root-MuiOutlinedInput-notchedOutline"[31m
          [36m>[31m
            [36m<legend[31m
              [33mclass[31m=[32m"css-1n64csd-MuiNotchedOutlined-root"[31m
            [36m>[31m
              [36m<span>[31m
                [0mChallenge title[0m
              [36m</span>[31m
            [36m</legend>[31m
          [36m</fieldset>[31m
        [36m</div>[31m
      [36m</div>[31m
      [36m<button[31m
        [33mclass[31m=[32m"MuiButtonBase-root MuiButton-root MuiButton-contained MuiButton-sizeMedium MuiButton-colorPrimary css-1xwf61x-MuiButtonBase-root-MuiButton-root"[31m
        [33mtabindex[31m=[32m"0"[31m
        [33mtype[31m=[32m"button"[31m
      [36m>[31m
        [0mEnter title[0m
      [36m</button>[31m
    [36m</div>[31m
  [36m</div>[31m
[36m</body>[31m[39m
 [32mG£ô[39m src/components/pages/SettingsPage/index.test.tsx[2m > [22mSettingsPage[2m > [22mrenders theme switch[33m 718[2mms[22m[39m
 [32mG£ô[39m src/components/pages/SettingsPage/index.test.tsx[2m > [22mSettingsPage[2m > [22mshows theme status message[32m 53[2mms[22m[39m
[90mstderr[2m | src/components/templates/DashboardTemplate/index.test.tsx[2m > [22m[2mDashboardTemplate[2m > [22m[2mrenders challenges on load
[22m[39mWarning: Received `true` for a non-boolean attribute `item`.
System.Management.Automation.RemoteException
If you want to write it to the DOM, pass a string instead: item="true" or item={value.toString()}.
    at div
    at C:\Users\Zemoso\Desktop\JS\StoryBook\node_modules\@emotion\react\dist\emotion-element-e8f4cc37.development.cjs.js:60:23
    at Grid (file:///C:/Users/Zemoso/Desktop/JS/StoryBook/node_modules/@mui/system/Grid/createGrid.mjs:75:19)
    at div
    at C:\Users\Zemoso\Desktop\JS\StoryBook\node_modules\@emotion\react\dist\emotion-element-e8f4cc37.development.cjs.js:60:23
    at Grid (file:///C:/Users/Zemoso/Desktop/JS/StoryBook/node_modules/@mui/system/Grid/createGrid.mjs:75:19)
    at div
    at C:\Users\Zemoso\Desktop\JS\StoryBook\node_modules\@emotion\react\dist\emotion-element-e8f4cc37.development.cjs.js:60:23
    at Box (file:///C:/Users/Zemoso/Desktop/JS/StoryBook/node_modules/@mui/system/createBox/createBox.mjs:20:19)
    at DashboardTemplate (C:/Users/Zemoso/Desktop/JS/StoryBook/src/components/templates/DashboardTemplate/index.tsx:22:72)
System.Management.Automation.RemoteException
 [32mG£ô[39m src/components/molecules/SearchBar/index.test.tsx[2m > [22mSearchBar[2m > [22mcalls onQueryChange as the user types[33m 1794[2mms[22m[39m
 [32mG£ô[39m src/components/molecules/SearchBar/index.test.tsx[2m > [22mSearchBar[2m > [22mrenders search button[33m 718[2mms[22m[39m
 [32mG£ô[39m src/components/pages/SettingsPage/index.test.tsx[2m > [22mSettingsPage[2m > [22mtoggles theme when switch is clicked[33m 1535[2mms[22m[39m
 [32mG£ô[39m src/components/pages/SettingsPage/index.test.tsx[2m > [22mSettingsPage[2m > [22mis a Card component[32m 196[2mms[22m[39m
[90mstderr[2m | src/components/templates/DashboardTemplate/index.test.tsx[2m > [22m[2mDashboardTemplate[2m > [22m[2mrenders add challenge form
[22m[39mWarning: An update to DashboardTemplate inside a test was not wrapped in act(...).
System.Management.Automation.RemoteException
When testing, code that causes React state updates should be wrapped into act(...):
System.Management.Automation.RemoteException
act(() => {
  /* fire events that update state */
});
/* assert on the output */
System.Management.Automation.RemoteException
This ensures that you're testing the behavior the user would see in the browser. Learn more at https://reactjs.org/link/wrap-tests-with-act
    at DashboardTemplate (C:/Users/Zemoso/Desktop/JS/StoryBook/src/components/templates/DashboardTemplate/index.tsx:22:72)
Warning: An update to DashboardTemplate inside a test was not wrapped in act(...).
System.Management.Automation.RemoteException
When testing, code that causes React state updates should be wrapped into act(...):
System.Management.Automation.RemoteException
act(() => {
  /* fire events that update state */
});
/* assert on the output */
System.Management.Automation.RemoteException
This ensures that you're testing the behavior the user would see in the browser. Learn more at https://reactjs.org/link/wrap-tests-with-act
    at DashboardTemplate (C:/Users/Zemoso/Desktop/JS/StoryBook/src/components/templates/DashboardTemplate/index.tsx:22:72)
System.Management.Automation.RemoteException
 [32mG£ô[39m src/components/templates/DashboardTemplate/index.test.tsx[2m > [22mDashboardTemplate[2m > [22mrenders challenges on load[33m 3342[2mms[22m[39m
 [31m+ù[39m src/components/organisms/AddChallengeForm/index.test.tsx[2m > [22mAddChallengeForm[2m > [22mclears input after submission[32m 208[2mms[22m[39m
[31m   GåÆ Unable to find a label with the text of: Challenge Title

Ignored nodes: comments, script, style
[36m<body>[31m
  [36m<div>[31m
    [36m<div[31m
      [33mclass[31m=[32m"MuiBox-root css-1p44k52"[31m
    [36m>[31m
      [36m<h6[31m
        [33mclass[31m=[32m"MuiTypography-root MuiTypography-h6 css-1miy0lu-MuiTypography-root"[31m
      [36m>[31m
        [0mAdd a new challenge[0m
      [36m</h6>[31m
      [36m<div[31m
        [33mclass[31m=[32m"MuiFormControl-root MuiFormControl-fullWidth MuiTextField-root css-cmpglg-MuiFormControl-root-MuiTextField-root"[31m
      [36m>[31m
        [36m<label[31m
          [33mclass[31m=[32m"MuiFormLabel-root MuiInputLabel-root MuiInputLabel-formControl MuiInputLabel-animated MuiInputLabel-outlined MuiFormLabel-colorPrimary MuiInputLabel-root MuiInputLabel-formControl MuiInputLabel-animated MuiInputLabel-outlined css-19qnlrw-MuiFormLabel-root-MuiInputLabel-root"[31m
          [33mdata-shrink[31m=[32m"false"[31m
          [33mfor[31m=[32m":r4:"[31m
          [33mid[31m=[32m":r4:-label"[31m
        [36m>[31m
          [0mChallenge title[0m
        [36m</label>[31m
        [36m<div[31m
          [33mclass[31m=[32m"MuiInputBase-root MuiOutlinedInput-root MuiInputBase-colorPrimary MuiInputBase-fullWidth MuiInputBase-formControl css-1blp12k-MuiInputBase-root-MuiOutlinedInput-root"[31m
        [36m>[31m
          [36m<input[31m
            [33maria-invalid[31m=[32m"false"[31m
            [33mclass[31m=[32m"MuiInputBase-input MuiOutlinedInput-input css-16wblaj-MuiInputBase-input-MuiOutlinedInput-input"[31m
            [33mid[31m=[32m":r4:"[31m
            [33mplaceholder[31m=[32m"Design a new task section"[31m
            [33mtype[31m=[32m"text"[31m
            [33mvalue[31m=[32m""[31m
          [36m/>[31m
          [36m<fieldset[31m
            [33maria-hidden[31m=[32m"true"[31m
            [33mclass[31m=[32m"MuiOutlinedInput-notchedOutline css-18p5xg2-MuiNotchedOutlined-root-MuiOutlinedInput-notchedOutline"[31m
          [36m>[31m
            [36m<legend[31m
              [33mclass[31m=[32m"css-1n64csd-MuiNotchedOutlined-root"[31m
            [36m>[31m
              [36m<span>[31m
                [0mChallenge title[0m
              [36m</span>[31m
            [36m</legend>[31m
          [36m</fieldset>[31m
        [36m</div>[31m
      [36m</div>[31m
      [36m<button[31m
        [33mclass[31m=[32m"MuiButtonBase-root MuiButton-root MuiButton-contained MuiButton-sizeMedium MuiButton-colorPrimary css-1xwf61x-MuiButtonBase-root-MuiButton-root"[31m
        [33mtabindex[31m=[32m"0"[31m
        [33mtype[31m=[32m"button"[31m
      [36m>[31m
        [0mEnter title[0m
      [36m</button>[31m
    [36m</div>[31m
  [36m</div>[31m
[36m</body>[31m[39m
 [31m+ù[39m src/components/organisms/AddChallengeForm/index.test.tsx[2m > [22mAddChallengeForm[2m > [22mis a Paper component[33m 3102[2mms[22m[39m
[31m   GåÆ Unable to find an accessible element with the role "form"

Here are the accessible roles:

  heading:

  Name "Add a new challenge":
  [36m<h6[31m
    [33mclass[31m=[32m"MuiTypography-root MuiTypography-h6 css-1miy0lu-MuiTypography-root"[31m
  [36m/>[31m

  --------------------------------------------------
  textbox:

  Name "Challenge title":
  [36m<input[31m
    [33maria-invalid[31m=[32m"false"[31m
    [33mclass[31m=[32m"MuiInputBase-input MuiOutlinedInput-input css-16wblaj-MuiInputBase-input-MuiOutlinedInput-input"[31m
    [33mid[31m=[32m":r6:"[31m
    [33mplaceholder[31m=[32m"Design a new task section"[31m
    [33mtype[31m=[32m"text"[31m
    [33mvalue[31m=[32m""[31m
  [36m/>[31m

  --------------------------------------------------
  button:

  Name "Enter title":
  [36m<button[31m
    [33mclass[31m=[32m"MuiButtonBase-root MuiButton-root MuiButton-contained MuiButton-sizeMedium MuiButton-colorPrimary css-1xwf61x-MuiButtonBase-root-MuiButton-root"[31m
    [33mtabindex[31m=[32m"0"[31m
    [33mtype[31m=[32m"button"[31m
  [36m/>[31m

  --------------------------------------------------

Ignored nodes: comments, script, style
[36m<body>[31m
  [36m<div>[31m
    [36m<div[31m
      [33mclass[31m=[32m"MuiBox-root css-1p44k52"[31m
    [36m>[31m
      [36m<h6[31m
        [33mclass[31m=[32m"MuiTypography-root MuiTypography-h6 css-1miy0lu-MuiTypography-root"[31m
      [36m>[31m
        [0mAdd a new challenge[0m
      [36m</h6>[31m
      [36m<div[31m
        [33mclass[31m=[32m"MuiFormControl-root MuiFormControl-fullWidth MuiTextField-root css-cmpglg-MuiFormControl-root-MuiTextField-root"[31m
      [36m>[31m
        [36m<label[31m
          [33mclass[31m=[32m"MuiFormLabel-root MuiInputLabel-root MuiInputLabel-formControl MuiInputLabel-animated MuiInputLabel-outlined MuiFormLabel-colorPrimary MuiInputLabel-root MuiInputLabel-formControl MuiInputLabel-animated MuiInputLabel-outlined css-19qnlrw-MuiFormLabel-root-MuiInputLabel-root"[31m
          [33mdata-shrink[31m=[32m"false"[31m
          [33mfor[31m=[32m":r6:"[31m
          [33mid[31m=[32m":r6:-label"[31m
        [36m>[31m
          [0mChallenge title[0m
        [36m</label>[31m
        [36m<div[31m
          [33mclass[31m=[32m"MuiInputBase-root MuiOutlinedInput-root MuiInputBase-colorPrimary MuiInputBase-fullWidth MuiInputBase-formControl css-1blp12k-MuiInputBase-root-MuiOutlinedInput-root"[31m
        [36m>[31m
          [36m<input[31m
            [33maria-invalid[31m=[32m"false"[31m
            [33mclass[31m=[32m"MuiInputBase-input MuiOutlinedInput-input css-16wblaj-MuiInputBase-input-MuiOutlinedInput-input"[31m
            [33mid[31m=[32m":r6:"[31m
            [33mplaceholder[31m=[32m"Design a new task section"[31m
            [33mtype[31m=[32m"text"[31m
            [33mvalue[31m=[32m""[31m
          [36m/>[31m
          [36m<fieldset[31m
            [33maria-hidden[31m=[32m"true"[31m
            [33mclass[31m=[32m"MuiOutlinedInput-notchedOutline css-18p5xg2-MuiNotchedOutlined-root-MuiOutlinedInput-notchedOutline"[31m
          [36m>[31m
            [36m<legend[31m
              [33mclass[31m=[32m"css-1n64csd-MuiNotchedOutlined-root"[31m
            [36m>[31m
              [36m<span>[31m
                [0mChallenge title[0m
              [36m</span>[31m
            [36m</legend>[31m
          [36m</fieldset>[31m
        [36m</div>[31m
      [36m</div>[31m
      [36m<button[31m
        [33mclass[31m=[32m"MuiButtonBase-root MuiButton-root MuiButton-contained MuiButton-sizeMedium MuiButton-colorPrimary css-1xwf61x-MuiButtonBase-root-MuiButton-root"[31m
        [33mtabindex[31m=[32m"0"[31m
        [33mtype[31m=[32m"button"[31m
      [36m>[31m
        [0mEnter title[0m
      [36m</button>[31m
    [36m</div>[31m
  [36m</div>[31m
[36m</body>[31m[39m
 [32mG£ô[39m src/components/templates/DashboardTemplate/index.test.tsx[2m > [22mDashboardTemplate[2m > [22mrenders add challenge form[33m 461[2mms[22m[39m
[90mstderr[2m | src/components/pages/DashboardPage/index.test.tsx[2m > [22m[2mDashboardPage[2m > [22m[2mrenders DashboardTemplate
[22m[39mWarning: Received `true` for a non-boolean attribute `item`.
System.Management.Automation.RemoteException
If you want to write it to the DOM, pass a string instead: item="true" or item={value.toString()}.
    at div
    at C:\Users\Zemoso\Desktop\JS\StoryBook\node_modules\@emotion\react\dist\emotion-element-e8f4cc37.development.cjs.js:60:23
    at Grid (file:///C:/Users/Zemoso/Desktop/JS/StoryBook/node_modules/@mui/system/Grid/createGrid.mjs:75:19)
    at div
    at C:\Users\Zemoso\Desktop\JS\StoryBook\node_modules\@emotion\react\dist\emotion-element-e8f4cc37.development.cjs.js:60:23
    at Grid (file:///C:/Users/Zemoso/Desktop/JS/StoryBook/node_modules/@mui/system/Grid/createGrid.mjs:75:19)
    at div
    at C:\Users\Zemoso\Desktop\JS\StoryBook\node_modules\@emotion\react\dist\emotion-element-e8f4cc37.development.cjs.js:60:23
    at Box (file:///C:/Users/Zemoso/Desktop/JS/StoryBook/node_modules/@mui/system/createBox/createBox.mjs:20:19)
    at DashboardTemplate (C:/Users/Zemoso/Desktop/JS/StoryBook/src/components/templates/DashboardTemplate/index.tsx:22:72)
    at DashboardPage
System.Management.Automation.RemoteException
 [31m+ù[39m src/components/pages/DashboardPage/index.test.tsx[2m > [22mDashboardPage[2m > [22mrenders DashboardTemplate[33m 6169[2mms[22m[39m
[31m   GåÆ Unable to find an accessible element with the role "main"

Here are the accessible roles:

  heading:

  Name "Challenge Center":
  [36m<h4[31m
    [33mclass[31m=[32m"MuiTypography-root MuiTypography-h4 css-4cbfv-MuiTypography-root"[31m
  [36m/>[31m

  Name "Active Challenges (...)":
  [36m<h6[31m
    [33mclass[31m=[32m"MuiTypography-root MuiTypography-h6 MuiTypography-gutterBottom css-1wmifpn-MuiTypography-root"[31m
  [36m/>[31m

  Name "Add a new challenge":
  [36m<h6[31m
    [33mclass[31m=[32m"MuiTypography-root MuiTypography-h6 css-1miy0lu-MuiTypography-root"[31m
  [36m/>[31m

  Name "Progress board":
  [36m<h6[31m
    [33mclass[31m=[32m"MuiTypography-root MuiTypography-h6 css-12zfj8h-MuiTypography-root"[31m
  [36m/>[31m

  Name "Next milestone":
  [36m<h6[31m
    [33mclass[31m=[32m"MuiTypography-root MuiTypography-subtitle2 css-1ypmsg6-MuiTypography-root"[31m
  [36m/>[31m

  --------------------------------------------------
  textbox:

  Name "":
  [36m<input[31m
    [33maria-invalid[31m=[32m"false"[31m
    [33mclass[31m=[32m"MuiInputBase-input MuiOutlinedInput-input css-16wblaj-MuiInputBase-input-MuiOutlinedInput-input"[31m
    [33mid[31m=[32m":r0:"[31m
    [33mplaceholder[31m=[32m"Search tasks..."[31m
    [33mtype[31m=[32m"text"[31m
    [33mvalue[31m=[32m""[31m
  [36m/>[31m

  Name "Challenge title":
  [36m<input[31m
    [33maria-invalid[31m=[32m"false"[31m
    [33mclass[31m=[32m"MuiInputBase-input MuiOutlinedInput-input css-16wblaj-MuiInputBase-input-MuiOutlinedInput-input"[31m
    [33mid[31m=[32m":r2:"[31m
    [33mplaceholder[31m=[32m"Design a new task section"[31m
    [33mtype[31m=[32m"text"[31m
    [33mvalue[31m=[32m""[31m
  [36m/>[31m

  --------------------------------------------------
  button:

  Name "Search":
  [36m<button[31m
    [33mclass[31m=[32m"MuiButtonBase-root MuiButton-root MuiButton-outlined MuiButton-sizeMedium MuiButton-colorPrimary css-v6ccy4-MuiButtonBase-root-MuiButton-root"[31m
    [33mtabindex[31m=[32m"0"[31m
    [33mtype[31m=[32m"button"[31m
  [36m/>[31m

  Name "Enter title":
  [36m<button[31m
    [33mclass[31m=[32m"MuiButtonBase-root MuiButton-root MuiButton-contained MuiButton-sizeMedium MuiButton-colorPrimary css-1xwf61x-MuiButtonBase-root-MuiButton-root"[31m
    [33mtabindex[31m=[32m"0"[31m
    [33mtype[31m=[32m"button"[31m
  [36m/>[31m

  --------------------------------------------------
  progressbar:

  Name "":
  [36m<span[31m
    [33mclass[31m=[32m"MuiCircularProgress-root MuiCircularProgress-indeterminate MuiCircularProgress-colorPrimary css-1wxecgq-MuiCircularProgress-root"[31m
    [33mrole[31m=[32m"progressbar"[31m
    [33mstyle[31m=[32m"width: 40px; height: 40px;"[31m
  [36m/>[31m

  --------------------------------------------------
  paragraph:

  Name "":
  [36m<p[31m
    [33mclass[31m=[32m"MuiTypography-root MuiTypography-body1 css-rizt0-MuiTypography-root"[31m
  [36m/>[31m

  Name "":
  [36m<p[31m
    [33mclass[31m=[32m"MuiTypography-root MuiTypography-body1 css-rizt0-MuiTypography-root"[31m
  [36m/>[31m

  Name "":
  [36m<p[31m
    [33mclass[31m=[32m"MuiTypography-root MuiTypography-body1 css-38rnu9-MuiTypography-root"[31m
  [36m/>[31m

  --------------------------------------------------

Ignored nodes: comments, script, style
[36m<body>[31m
  [36m<div>[31m
    [36m<div[31m
      [33mclass[31m=[32m"MuiBox-root css-13dpkcn"[31m
    [36m>[31m
      [36m<div[31m
        [33mclass[31m=[32m"MuiBox-root css-69i1ev"[31m
      [36m>[31m
        [36m<div[31m
          [33mclass[31m=[32m"MuiBox-root css-0"[31m
        [36m>[31m
          [36m<span[31m
            [33mclass[31m=[32m"MuiTypography-root MuiTypography-overline css-1nb37h6-MuiTypography-root"[31m
          [36m>[31m
            [0mTask Dashboard[0m
          [36m</span>[31m
          [36m<h4[31m
            [33mclass[31m=[32m"MuiTypography-root MuiTypography-h4 css-4cbfv-MuiTypography-root"[31m
          [36m>[31m
            [0mChallenge Center[0m
          [36m</h4>[31m
        [36m</div>[31m
        [36m<div[31m
          [33mclass[31m=[32m"atom-avatar"[31m
        [36m>[31m
          [0mAT[0m
        [36m</div>[31m
      [36m</div>[31m
      [36m<div[31m
        [33mclass[31m=[32m"MuiBox-root css-0"[31m
      [36m>[31m
        [36m<div[31m
          [33mclass[31m=[32m"MuiBox-root css-v7nvu5"[31m
        [36m>[31m
          [36m<div[31m
            [33mclass[31m=[32m"MuiFormControl-root MuiFormControl-fullWidth MuiTextField-root css-cmpglg-MuiFormControl-root-MuiTextField-root"[31m
          [36m>[31m
            [36m<div[31m
              [33mclass[31m=[32m"MuiInputBase-root MuiOutlinedInput-root MuiInputBase-colorPrimary MuiInputBase-fullWidth MuiInputBase-formControl css-1blp12k-MuiInputBase-root-MuiOutlinedInput-root"[31m
            [36m>[31m
              [36m<input[31m
                [33maria-invalid[31m=[32m"false"[31m
                [33mclass[31m=[32m"MuiInputBase-input MuiOutlinedInput-input css-16wblaj-MuiInputBase-input-MuiOutlinedInput-input"[31m
                [33mid[31m=[32m":r0:"[31m
                [33mplaceholder[31m=[32m"Search tasks..."[31m
                [33mtype[31m=[32m"text"[31m
                [33mvalue[31m=[32m""[31m
              [36m/>[31m
              [36m<fieldset[31m
                [33maria-hidden[31m=[32m"true"[31m
                [33mclass[31m=[32m"MuiOutlinedInput-notchedOutline css-18p5xg2-MuiNotchedOutlined-root-MuiOutlinedInput-notchedOutline"[31m
              [36m>[31m
                [36m<legend[31m
                  [33mclass[31m=[32m"css-1nf2c5d-MuiNotchedOutlined-root"[31m
                [36m>[31m
                  [36m<span[31m
                    [33maria-hidden[31m=[32m"true"[31m
                    [33mclass[31m=[32m"notranslate"[31m
                  [36m>[31m
                    [0mGÇï[0m
                  [36m</span>[31m
                [36m</legend>[31m
              [36m</fieldset>[31m
            [36m</div>[31m
          [36m</div>[31m
          [36m<button[31m
            [33mclass[31m=[32m"MuiButtonBase-root MuiButton-root MuiButton-outlined MuiButton-sizeMedium MuiButton-colorPrimary css-v6ccy4-MuiButtonBase-root-MuiButton-root"[31m
            [33mtabindex[31m=[32m"0"[31m
            [33mtype[31m=[32m"button"[31m
          [36m>[31m
            [0mSearch[0m
          [36m</button>[31m
        [36m</div>[31m
      [36m</div>[31m
      [36m<div[31m
        [33mclass[31m=[32m"MuiGrid-root MuiGrid-container MuiGrid-direction-xs-row MuiGrid-spacing-xs-3 css-1u8xl8z-MuiGrid-root"[31m
      [36m>[31m
        [36m<div[31m
          [33mclass[31m=[32m"MuiGrid-root MuiGrid-direction-xs-row css-17fpwt7-MuiGrid-root"[31m
          [33mmd[31m=[32m"8"[31m
          [33mxs[31m=[32m"12"[31m
        [36m>[31m
          [36m<div[31m
            [33mclass[31m=[32m"MuiPaper-root MuiPaper-elevation MuiPaper-rounded MuiPaper-elevation1 css-5pk24p-MuiPaper-root"[31m
            [33mstyle[31m=[32m"--Paper-shadow: 0px 2px 1px -1px rgba(0,0,0,0.2),0px 1px 1px 0px rgba(0,0,0,0.14),0px 1px 3px 0px rgba(0,0,0,0.12);"[31m
          [36m>[31m
            [36m<h6[31m
              [33mclass[31m=[32m"MuiTypography-root MuiTypography-h6 MuiTypography-gutterBottom css-1wmifpn-MuiTypography-root"[31m
            [36m>[31m
              [0mActive Challenges ([0m
              [0m...[0m
              [0m)[0m
            [36m</h6>[31m
            [36m<div[31m
              [33mclass[31m=[32m"MuiBox-root css-zzzt33"[31m
            [36m>[31m
              [36m<span[31m
                [33mclass[31m=[32m"MuiCircularProgress-root MuiCircularProgress-indeterminate MuiCircularProgress-colorPrimary css-1wxecgq-MuiCircularProgress-root"[31m
                [33mrole[31m=[32m"progressbar"[31m
                [33mstyle[31m=[32m"width: 40px; height: 40px;"[31m
              [36m>[31m
                [36m<svg[31m
                  [33mclass[31m=[32m"MuiCircularProgress-svg css-54pwck-MuiCircularProgress-svg"[31m
                  [33mviewBox[31m=[32m"22 22 44 44"[31m
                [36m>[31m
                  [36m<circle[31m
                    [33mclass[31m=[32m"MuiCircularProgress-circle css-19t5dcl-MuiCircularProgress-circle"[31m
                    [33mcx[31m=[32m"44"[31m
                    [33mcy[31m=[32m"44"[31m
                    [33mfill[31m=[32m"none"[31m
                    [33mr[31m=[32m"20.2"[31m
                    [33mstroke-width[31m=[32m"3.6"[31m
                  [36m/>[31m
                [36m</svg>[31m
              [36m</span>[31m
            [36m</div>[31m
          [36m</div>[31m
        [36m</div>[31m
        [36m<div[31m
          [33mclass[31m=[32m"MuiGrid-root MuiGrid-direction-xs-row css-17fpwt7-MuiGrid-root"[31m
          [33mmd[31m=[32m"4"[31m
          [33mxs[31m=[32m"12"[31m
        [36m>[31m
          [36m<div[31m
            [33mclass[31m=[32m"MuiPaper-root MuiPaper-elevation MuiPaper-rounded MuiPaper-elevation1 css-5pk24p-MuiPaper-root"[31m
            [33mstyle[31m=[32m"--Paper-shadow: 0px 2px 1px -1px rgba(0,0,0,0.2),0px 1px 1px 0px rgba(0,0,0,0.14),0px 1px 3px 0px rgba(0,0,0,0.12);"[31m
          [36m>[31m
            [36m<div[31m
              [33mclass[31m=[32m"MuiBox-root css-1p44k52"[31m
[90mstderr[2m | handleError (C:\Users\Zemoso\Desktop\JS\StoryBook\src\services\ChallengeAPI.ts:16:13)
[22m[39mGet all challenges failed: [90mundefined[39m Network Error
System.Management.Automation.RemoteException
            [36m>[31m
              [36m<h6[31m
                [33mclass[31m=[32m"MuiTypography-root MuiTypography-h6 css-1miy0lu-MuiTypography-root"[31m
              [36m>[31m
                [0mAdd a new challenge[0m
              [36m</h6>[31m
              [36m<div[31m
                [33mclass[31m=[32m"MuiFormControl-root MuiFormControl-fullWidth MuiTextField-root css-cmpglg-MuiFormControl-root-MuiTextField-root"[31m
              [36m>[31m
                [36m<label[31m
                  [33mclass[31m=[32m"MuiFormLabel-root MuiInputLabel-root MuiInputLabel-formControl MuiInputLabel-animated MuiInputLabel-outlined MuiFormLabel-colorPrimary MuiInputLabel-root MuiInputLabel-formControl MuiInputLabel-animated MuiInputLabel-outlined css-19qnlrw-MuiFormLabel-root-MuiInputLabel-root"[31m
                  [33mdata-shrink[31m=[32m"false"[31m
                  [33mfor[31m=[32m":r2:"[31m
                  [33mid[31m=[32m":r2:-label"[31m
                [36m>[31m
                  [0mChallenge title[0m
                [36m</label>[31m
                [36m<div[31m
                  [33mclass[31m=[32m"MuiInputBase-root MuiOutlinedInput-root MuiInputBase-colorPrimary MuiInputBase-fullWidth MuiInputBase-formControl css-1blp12k-MuiInputBase-root-MuiOutlinedInput-root"[31m
                [36m>[31m
                  [36m<input[31m
                    [33maria-invalid[31m=[32m"false"[31m
                    [33mclass[31m=[32m"MuiInputBase-input MuiOutlinedInput-input css-16wblaj-MuiInputBase-input-MuiOutlinedInput-input"[31m
                    [33mid[31m=[32m":r2:"[31m
                    [33mplaceholder[31m=[32m"Design a new task section"[31m
                    [33mtype[31m=[32m"text"[31m
                    [33mvalue[31m=[32m""[31m
                  [36m/>[31m
                  [36m<fieldset[31m
                    [33maria-hidden[31m=[32m"true"[31m
                    [33mclass[31m=[32m"MuiOutlinedInput-notchedOutline css-18p5xg2-MuiNotchedOutlined-root-MuiOutlinedInput-notchedOutline"[31m
                  [36m>[31m
                    [36m<legend[31m
                      [33mclass[31m=[32m"css-1n64csd-MuiNotchedOutlined-root"[31m
                    [36m>[31m
                      [36m<span>[31m
                        [0mChallenge title[0m
                      [36m</span>[31m
                    [36m</legend>[31m
                  [36m</fieldset>[31m
                [36m</div>[31m
              [36m</div>[31m
              [36m<button[31m
                [33mclass[31m=[32m"MuiButtonBase-root MuiButton-root MuiButton-contained MuiButton-sizeMedium MuiButton-colorPrimary css-1xwf61x-MuiButtonBase-root-MuiButton-root"[31m
                [33mtabindex[31m=[32m"0"[31m
                [33mtype[31m=[32m"button"[31m
              [36m>[31m
                [0mEnter title[0m
              [36m</button>[31m
            [36m</div>[31m
          [36m</div>[31m
        [36m</div>[31m
      [36m</div>[31m
      [36m<div[31m
        [33mclass[31m=[32m"MuiBox-root css-1mwdkd4"[31m
      [36m>[31m
        [36m<div[31m
          [33mclass[31m=[32m"MuiBox-root css-0"[31m
        [36m>[31m
          [36m<span[31m
            [33mclass[31m=[32m"MuiTypography-root MuiTypography-overline css-1c7xfgu-MuiTypography-root"[31m
          [36m>[31m
            [0mOverview[0m
          [36m</span>[31m
          [36m<h6[31m
            [33mclass[31m=[32m"MuiTypography-root MuiTypography-h6 css-12zfj8h-MuiTypography-root"[31m
          [36m>[31m
            [0mProgress board[0m
          [36m</h6>[31m
        [36m</div>[31m
        [36m<div[31m
          [33mclass[31m=[32m"MuiStack-root css-jfdv4h-MuiStack-root"[31m
        [36m>[31m
          [36m<div[31m
            [33mclass[31m=[32m"MuiBox-root css-69i1ev"[31m
          [36m>[31m
            [36m<p[31m
              [33mclass[31m=[32m"MuiTypography-root MuiTypography-body1 css-rizt0-MuiTypography-root"[31m
            [36m>[31m
              [0mCompleted[0m
            [36m</p>[31m
            [36m<span[31m
              [33mclass[31m=[32m"atom-badge"[31m
              [33mstyle[31m=[32m"background: rgba(16, 185, 129, 0.18); color: rgb(167, 243, 208);"[31m
            [36m>[31m
              [0mCompleted[0m
            [36m</span>[31m
          [36m</div>[31m
          [36m<div[31m
            [33mclass[31m=[32m"MuiBox-root css-69i1ev"[31m
          [36m>[31m
            [36m<p[31m
              [33mclass[31m=[32m"MuiTypography-root MuiTypography-body1 css-rizt0-MuiTypography-root"[31m
            [36m>[31m
              [0mPending[0m
            [36m</p>[31m
            [36m<span[31m
              [33mclass[31m=[32m"atom-badge"[31m
              [33mstyle[31m=[32m"background: rgba(245, 158, 11, 0.18); color: rgb(252, 211, 77);"[31m
            [36m>[31m
              [0mPending[0m
            [36m</span>[31m
          [36m</div>[31m
        [36m</div>[31m
        [36m<div[31m
          [33mclass[31m=[32m"MuiPaper-root MuiPaper-outlined MuiPaper-rounded css-au2cb0-MuiPaper-root"[31m
        [36m>[31m
          [36m<h6[31m
            [33mclass[31m=[32m"MuiTypography-root MuiTypography-subtitle2 css-1ypmsg6-MuiTypography-root"[31m
          [36m>[31m
            [0mNext milestone[0m
          [36m</h6>[31m
          [36m<p[31m
            [33mclass[31m=[32m"MuiTypography-root MuiTypography-body1 css-38rnu9-MuiTypography-root"[31m
          [36m>[31m
            [0mShare report by Friday[0m
          [36m</p>[31m
        [36m</div>[31m
      [36m</div>[31m
    [36m</div>[31m
  [36m</div>[31m
[36m</body>[31m[39m
 [32mG£ô[39m src/components/templates/DashboardTemplate/index.test.tsx[2m > [22mDashboardTemplate[2m > [22madds new challenge[33m 4115[2mms[22m[39m
[90mstderr[2m | src/components/templates/DashboardTemplate/index.test.tsx[2m > [22m[2mDashboardTemplate[2m > [22m[2mrenders challenge section
[22m[39mWarning: An update to DashboardTemplate inside a test was not wrapped in act(...).
System.Management.Automation.RemoteException
When testing, code that causes React state updates should be wrapped into act(...):
System.Management.Automation.RemoteException
act(() => {
  /* fire events that update state */
});
/* assert on the output */
System.Management.Automation.RemoteException
This ensures that you're testing the behavior the user would see in the browser. Learn more at https://reactjs.org/link/wrap-tests-with-act
    at DashboardTemplate (C:/Users/Zemoso/Desktop/JS/StoryBook/src/components/templates/DashboardTemplate/index.tsx:22:72)
Warning: An update to DashboardTemplate inside a test was not wrapped in act(...).
System.Management.Automation.RemoteException
When testing, code that causes React state updates should be wrapped into act(...):
System.Management.Automation.RemoteException
act(() => {
  /* fire events that update state */
});
/* assert on the output */
System.Management.Automation.RemoteException
This ensures that you're testing the behavior the user would see in the browser. Learn more at https://reactjs.org/link/wrap-tests-with-act
    at DashboardTemplate (C:/Users/Zemoso/Desktop/JS/StoryBook/src/components/templates/DashboardTemplate/index.tsx:22:72)
Warning: An update to ForwardRef(FormControl) inside a test was not wrapped in act(...).
System.Management.Automation.RemoteException
When testing, code that causes React state updates should be wrapped into act(...):
System.Management.Automation.RemoteException
act(() => {
  /* fire events that update state */
});
/* assert on the output */
System.Management.Automation.RemoteException
This ensures that you're testing the behavior the user would see in the browser. Learn more at https://reactjs.org/link/wrap-tests-with-act
    at FormControl (file:///C:/Users/Zemoso/Desktop/JS/StoryBook/node_modules/@mui/material/FormControl/FormControl.mjs:97:17)
    at C:\Users\Zemoso\Desktop\JS\StoryBook\node_modules\@emotion\react\dist\emotion-element-e8f4cc37.development.cjs.js:60:23
    at TextField (file:///C:/Users/Zemoso/Desktop/JS/StoryBook/node_modules/@mui/material/TextField/TextField.mjs:75:17)
    at Input (C:/Users/Zemoso/Desktop/JS/StoryBook/src/components/atoms/Input/index.tsx:7:18)
    at div
    at C:\Users\Zemoso\Desktop\JS\StoryBook\node_modules\@emotion\react\dist\emotion-element-e8f4cc37.development.cjs.js:60:23
    at Box (file:///C:/Users/Zemoso/Desktop/JS/StoryBook/node_modules/@mui/system/createBox/createBox.mjs:20:19)
    at SearchBar (C:/Users/Zemoso/Desktop/JS/StoryBook/src/components/molecules/SearchBar/index.tsx:11:22)
    at div
    at C:\Users\Zemoso\Desktop\JS\StoryBook\node_modules\@emotion\react\dist\emotion-element-e8f4cc37.development.cjs.js:60:23
    at Box (file:///C:/Users/Zemoso/Desktop/JS/StoryBook/node_modules/@mui/system/createBox/createBox.mjs:20:19)
    at div
    at C:\Users\Zemoso\Desktop\JS\StoryBook\node_modules\@emotion\react\dist\emotion-element-e8f4cc37.development.cjs.js:60:23
    at Box (file:///C:/Users/Zemoso/Desktop/JS/StoryBook/node_modules/@mui/system/createBox/createBox.mjs:20:19)
    at DashboardTemplate (C:/Users/Zemoso/Desktop/JS/StoryBook/src/components/templates/DashboardTemplate/index.tsx:22:72)
Warning: An update to ForwardRef(FormControl) inside a test was not wrapped in act(...).
System.Management.Automation.RemoteException
When testing, code that causes React state updates should be wrapped into act(...):
System.Management.Automation.RemoteException
act(() => {
  /* fire events that update state */
});
/* assert on the output */
System.Management.Automation.RemoteException
This ensures that you're testing the behavior the user would see in the browser. Learn more at https://reactjs.org/link/wrap-tests-with-act
    at FormControl (file:///C:/Users/Zemoso/Desktop/JS/StoryBook/node_modules/@mui/material/FormControl/FormControl.mjs:97:17)
    at C:\Users\Zemoso\Desktop\JS\StoryBook\node_modules\@emotion\react\dist\emotion-element-e8f4cc37.development.cjs.js:60:23
    at TextField (file:///C:/Users/Zemoso/Desktop/JS/StoryBook/node_modules/@mui/material/TextField/TextField.mjs:75:17)
    at div
    at C:\Users\Zemoso\Desktop\JS\StoryBook\node_modules\@emotion\react\dist\emotion-element-e8f4cc37.development.cjs.js:60:23
    at Box (file:///C:/Users/Zemoso/Desktop/JS/StoryBook/node_modules/@mui/system/createBox/createBox.mjs:20:19)
    at AddChallengeForm (C:/Users/Zemoso/Desktop/JS/StoryBook/src/components/organisms/AddChallengeForm/index.tsx:11:29)
    at div
    at C:\Users\Zemoso\Desktop\JS\StoryBook\node_modules\@emotion\react\dist\emotion-element-e8f4cc37.development.cjs.js:60:23
    at Paper (file:///C:/Users/Zemoso/Desktop/JS/StoryBook/node_modules/@mui/material/Paper/Paper.mjs:68:17)
    at div
    at C:\Users\Zemoso\Desktop\JS\StoryBook\node_modules\@emotion\react\dist\emotion-element-e8f4cc37.development.cjs.js:60:23
    at Grid (file:///C:/Users/Zemoso/Desktop/JS/StoryBook/node_modules/@mui/system/Grid/createGrid.mjs:75:19)
    at div
    at C:\Users\Zemoso\Desktop\JS\StoryBook\node_modules\@emotion\react\dist\emotion-element-e8f4cc37.development.cjs.js:60:23
    at Grid (file:///C:/Users/Zemoso/Desktop/JS/StoryBook/node_modules/@mui/system/Grid/createGrid.mjs:75:19)
    at div
    at C:\Users\Zemoso\Desktop\JS\StoryBook\node_modules\@emotion\react\dist\emotion-element-e8f4cc37.development.cjs.js:60:23
    at Box (file:///C:/Users/Zemoso/Desktop/JS/StoryBook/node_modules/@mui/system/createBox/createBox.mjs:20:19)
    at DashboardTemplate (C:/Users/Zemoso/Desktop/JS/StoryBook/src/components/templates/DashboardTemplate/index.tsx:22:72)
System.Management.Automation.RemoteException
 [32mG£ô[39m src/components/templates/DashboardTemplate/index.test.tsx[2m > [22mDashboardTemplate[2m > [22mtoggles challenge status[33m 882[2mms[22m[39m
 [32mG£ô[39m src/components/templates/DashboardTemplate/index.test.tsx[2m > [22mDashboardTemplate[2m > [22mrenders challenge section[32m 186[2mms[22m[39m
 [32mG£ô[39m src/components/atoms/Checkbox/index.test.tsx[2m > [22mCheckbox[2m > [22mrenders unchecked by default[33m 644[2mms[22m[39m
 [32mG£ô[39m src/components/atoms/Checkbox/index.test.tsx[2m > [22mCheckbox[2m > [22mrenders checked when checked prop is true[32m 39[2mms[22m[39m
 [32mG£ô[39m src/components/atoms/Checkbox/index.test.tsx[2m > [22mCheckbox[2m > [22mcalls onChange when clicked[32m 116[2mms[22m[39m
 [32mG£ô[39m src/components/atoms/Checkbox/index.test.tsx[2m > [22mCheckbox[2m > [22mis a checkbox input[32m 26[2mms[22m[39m
 [32mG£ô[39m src/components/atoms/Icon/index.test.tsx[2m > [22mIcon[2m > [22mrenders with label[32m 122[2mms[22m[39m
 [32mG£ô[39m src/components/atoms/Icon/index.test.tsx[2m > [22mIcon[2m > [22mapplies default class[32m 17[2mms[22m[39m
 [32mG£ô[39m src/components/atoms/Avatar/index.test.tsx[2m > [22mAvatar[2m > [22mrenders initials from name[32m 135[2mms[22m[39m
 [32mG£ô[39m src/components/atoms/Avatar/index.test.tsx[2m > [22mAvatar[2m > [22mrenders single initial when name has one word[32m 17[2mms[22m[39m
 [32mG£ô[39m src/components/atoms/Avatar/index.test.tsx[2m > [22mAvatar[2m > [22muses avatar styling[32m 16[2mms[22m[39m
 [32mG£ô[39m src/components/molecules/FormField/index.test.tsx[2m > [22mFormField[2m > [22mrenders label and input[33m 828[2mms[22m[39m
 [32mG£ô[39m src/components/molecules/FormField/index.test.tsx[2m > [22mFormField[2m > [22mrenders with value[32m 66[2mms[22m[39m
 [32mG£ô[39m src/components/molecules/FormField/index.test.tsx[2m > [22mFormField[2m > [22mcalls onChange when typing[33m 754[2mms[22m[39m
 [32mG£ô[39m src/components/molecules/ChallengeItem/index.test.tsx[2m > [22mChallengeItem[2m > [22mrenders challenge title[33m 442[2mms[22m[39m
 [32mG£ô[39m src/components/molecules/ChallengeItem/index.test.tsx[2m > [22mChallengeItem[2m > [22mrenders status[32m 23[2mms[22m[39m
 [32mG£ô[39m src/components/molecules/ChallengeItem/index.test.tsx[2m > [22mChallengeItem[2m > [22mcalls onAction when toggle button is clicked[33m 744[2mms[22m[39m
 [32mG£ô[39m src/components/molecules/ChallengeItem/index.test.tsx[2m > [22mChallengeItem[2m > [22mshows correct button text for pending status[32m 90[2mms[22m[39m
 [32mG£ô[39m src/components/molecules/ChallengeItem/index.test.tsx[2m > [22mChallengeItem[2m > [22mshows correct button text for completed status[32m 93[2mms[22m[39m
 [32mG£ô[39m src/components/templates/BasicTemplate/index.test.tsx[2m > [22mBasicTemplate[2m > [22mrenders navigation links[33m 536[2mms[22m[39m
 [32mG£ô[39m src/components/templates/BasicTemplate/index.test.tsx[2m > [22mBasicTemplate[2m > [22mrenders theme toggle button[33m 329[2mms[22m[39m
 [32mG£ô[39m src/components/templates/BasicTemplate/index.test.tsx[2m > [22mBasicTemplate[2m > [22mrenders layout heading[32m 33[2mms[22m[39m
 [32mG£ô[39m src/components/templates/BasicTemplate/index.test.tsx[2m > [22mBasicTemplate[2m > [22muses Box layout wrapper[32m 23[2mms[22m[39m
System.Management.Automation.RemoteException
[31mGÄ»GÄ»GÄ»GÄ»GÄ»GÄ»[39m[1m[41m Failed Tests 13 [49m[22m[31mGÄ»GÄ»GÄ»GÄ»GÄ»GÄ»GÄ»[39m
System.Management.Automation.RemoteException
[41m[1m FAIL [22m[49m src/components/atoms/Badge/index.test.tsx[2m > [22mBadge[2m > [22mrenders children
[31m[1mTestingLibraryElementError[22m: Unable to find an element with the text: Icon. This could be because the text is broken up by multiple elements. In this case, you can provide a function for your text matcher to make your matcher more flexible.
System.Management.Automation.RemoteException
Ignored nodes: comments, script, style
[36m<body>[31m
  [36m<div>[31m
    [36m<span[31m
      [33mclass[31m=[32m"atom-badge"[31m
      [33mstyle[31m=[32m"background: rgba(16, 185, 129, 0.18); color: rgb(167, 243, 208);"[31m
    [36m>[31m
      [0mCompleted[0m
    [36m</span>[31m
  [36m</div>[31m
[36m</body>[31m[39m
[90m [2mG¥»[22m Object.getElementError node_modules/@testing-library/dom/dist/config.js:[2m37:19[22m[39m
[90m [2mG¥»[22m node_modules/@testing-library/dom/dist/query-helpers.js:[2m76:38[22m[39m
[90m [2mG¥»[22m node_modules/@testing-library/dom/dist/query-helpers.js:[2m52:17[22m[39m
[90m [2mG¥»[22m node_modules/@testing-library/dom/dist/query-helpers.js:[2m95:19[22m[39m
[36m [2mG¥»[22m src/components/atoms/Badge/index.test.tsx:[2m17:19[22m[39m
    [90m 15|[39m       [33m<[39m[33m/[39m[33mBadge[39m[33m>[39m[33m,[39m
    [90m 16|[39m     )[33m;[39m
    [90m 17|[39m     [34mexpect[39m(screen[33m.[39m[34mgetByText[39m([32m"Icon"[39m))[33m.[39m[34mtoBeInTheDocument[39m()[33m;[39m
    [90m   |[39m                   [31m^[39m
    [90m 18|[39m   })[33m;[39m
    [90m 19|[39m
System.Management.Automation.RemoteException
[31m[2mGÄ»GÄ»GÄ»GÄ»GÄ»GÄ»GÄ»GÄ»GÄ»GÄ»GÄ»GÄ»GÄ»GÄ»GÄ»GÄ»GÄ»GÄ»GÄ»GÄ»GÄ»GÄ»GÄ»[1/13]GÄ»[22m[39m
System.Management.Automation.RemoteException
[41m[1m FAIL [22m[49m src/components/organisms/AddChallengeForm/index.test.tsx[2m > [22mAddChallengeForm[2m > [22mrenders form fields
[31m[1mTestingLibraryElementError[22m: Unable to find a label with the text of: Challenge Title
System.Management.Automation.RemoteException
Ignored nodes: comments, script, style
[36m<body>[31m
  [36m<div>[31m
    [36m<div[31m
      [33mclass[31m=[32m"MuiBox-root css-1p44k52"[31m
    [36m>[31m
      [36m<h6[31m
        [33mclass[31m=[32m"MuiTypography-root MuiTypography-h6 css-1miy0lu-MuiTypography-root"[31m
      [36m>[31m
        [0mAdd a new challenge[0m
      [36m</h6>[31m
      [36m<div[31m
        [33mclass[31m=[32m"MuiFormControl-root MuiFormControl-fullWidth MuiTextField-root css-cmpglg-MuiFormControl-root-MuiTextField-root"[31m
      [36m>[31m
        [36m<label[31m
          [33mclass[31m=[32m"MuiFormLabel-root MuiInputLabel-root MuiInputLabel-formControl MuiInputLabel-animated MuiInputLabel-outlined MuiFormLabel-colorPrimary MuiInputLabel-root MuiInputLabel-formControl MuiInputLabel-animated MuiInputLabel-outlined css-19qnlrw-MuiFormLabel-root-MuiInputLabel-root"[31m
          [33mdata-shrink[31m=[32m"false"[31m
          [33mfor[31m=[32m":r0:"[31m
          [33mid[31m=[32m":r0:-label"[31m
        [36m>[31m
          [0mChallenge title[0m
        [36m</label>[31m
        [36m<div[31m
          [33mclass[31m=[32m"MuiInputBase-root MuiOutlinedInput-root MuiInputBase-colorPrimary MuiInputBase-fullWidth MuiInputBase-formControl css-1blp12k-MuiInputBase-root-MuiOutlinedInput-root"[31m
        [36m>[31m
          [36m<input[31m
            [33maria-invalid[31m=[32m"false"[31m
            [33mclass[31m=[32m"MuiInputBase-input MuiOutlinedInput-input css-16wblaj-MuiInputBase-input-MuiOutlinedInput-input"[31m
            [33mid[31m=[32m":r0:"[31m
            [33mplaceholder[31m=[32m"Design a new task section"[31m
            [33mtype[31m=[32m"text"[31m
            [33mvalue[31m=[32m""[31m
          [36m/>[31m
          [36m<fieldset[31m
            [33maria-hidden[31m=[32m"true"[31m
            [33mclass[31m=[32m"MuiOutlinedInput-notchedOutline css-18p5xg2-MuiNotchedOutlined-root-MuiOutlinedInput-notchedOutline"[31m
          [36m>[31m
            [36m<legend[31m
              [33mclass[31m=[32m"css-1n64csd-MuiNotchedOutlined-root"[31m
            [36m>[31m
              [36m<span>[31m
                [0mChallenge title[0m
              [36m</span>[31m
            [36m</legend>[31m
          [36m</fieldset>[31m
        [36m</div>[31m
      [36m</div>[31m
      [36m<button[31m
        [33mclass[31m=[32m"MuiButtonBase-root MuiButton-root MuiButton-contained MuiButton-sizeMedium MuiButton-colorPrimary css-1xwf61x-MuiButtonBase-root-MuiButton-root"[31m
        [33mtabindex[31m=[32m"0"[31m
        [33mtype[31m=[32m"button"[31m
      [36m>[31m
        [0mEnter title[0m
      [36m</button>[31m
    [36m</div>[31m
  [36m</div>[31m
[36m</body>[31m[39m
[90m [2mG¥»[22m Object.getElementError node_modules/@testing-library/dom/dist/config.js:[2m37:19[22m[39m
[90m [2mG¥»[22m getAllByLabelText node_modules/@testing-library/dom/dist/queries/label-text.js:[2m111:38[22m[39m
[90m [2mG¥»[22m node_modules/@testing-library/dom/dist/query-helpers.js:[2m52:17[22m[39m
[90m [2mG¥»[22m node_modules/@testing-library/dom/dist/query-helpers.js:[2m95:19[22m[39m
[36m [2mG¥»[22m src/components/organisms/AddChallengeForm/index.test.tsx:[2m9:19[22m[39m
    [90m  7|[39m   [34mit[39m([32m"renders form fields"[39m[33m,[39m () [33m=>[39m {
    [90m  8|[39m     [34mrender[39m([33m<[39m[33mAddChallengeForm[39m [33m/[39m[33m>[39m)[33m;[39m
    [90m  9|[39m     expect(screen.getByLabelText("Challenge Title")).toBeInTheDocumentGÇª
    [90m   |[39m                   [31m^[39m
    [90m 10|[39m     [34mexpect[39m(
    [90m 11|[39m       screen[33m.[39m[34mgetByRole[39m([32m"button"[39m[33m,[39m { name[33m:[39m [36m/add challenge/i[39m })[33m,[39m
System.Management.Automation.RemoteException
[31m[2mGÄ»GÄ»GÄ»GÄ»GÄ»GÄ»GÄ»GÄ»GÄ»GÄ»GÄ»GÄ»GÄ»GÄ»GÄ»GÄ»GÄ»GÄ»GÄ»GÄ»GÄ»GÄ»GÄ»[2/13]GÄ»[22m[39m
System.Management.Automation.RemoteException
[41m[1m FAIL [22m[49m src/components/organisms/AddChallengeForm/index.test.tsx[2m > [22mAddChallengeForm[2m > [22mcalls onAddChallenge when form is submitted
[31m[1mTestingLibraryElementError[22m: Unable to find a label with the text of: Challenge Title
System.Management.Automation.RemoteException
Ignored nodes: comments, script, style
[36m<body>[31m
  [36m<div>[31m
    [36m<div[31m
      [33mclass[31m=[32m"MuiBox-root css-1p44k52"[31m
    [36m>[31m
      [36m<h6[31m
        [33mclass[31m=[32m"MuiTypography-root MuiTypography-h6 css-1miy0lu-MuiTypography-root"[31m
      [36m>[31m
        [0mAdd a new challenge[0m
      [36m</h6>[31m
      [36m<div[31m
        [33mclass[31m=[32m"MuiFormControl-root MuiFormControl-fullWidth MuiTextField-root css-cmpglg-MuiFormControl-root-MuiTextField-root"[31m
      [36m>[31m
        [36m<label[31m
          [33mclass[31m=[32m"MuiFormLabel-root MuiInputLabel-root MuiInputLabel-formControl MuiInputLabel-animated MuiInputLabel-outlined MuiFormLabel-colorPrimary MuiInputLabel-root MuiInputLabel-formControl MuiInputLabel-animated MuiInputLabel-outlined css-19qnlrw-MuiFormLabel-root-MuiInputLabel-root"[31m
          [33mdata-shrink[31m=[32m"false"[31m
          [33mfor[31m=[32m":r2:"[31m
          [33mid[31m=[32m":r2:-label"[31m
        [36m>[31m
          [0mChallenge title[0m
        [36m</label>[31m
        [36m<div[31m
          [33mclass[31m=[32m"MuiInputBase-root MuiOutlinedInput-root MuiInputBase-colorPrimary MuiInputBase-fullWidth MuiInputBase-formControl css-1blp12k-MuiInputBase-root-MuiOutlinedInput-root"[31m
        [36m>[31m
          [36m<input[31m
            [33maria-invalid[31m=[32m"false"[31m
            [33mclass[31m=[32m"MuiInputBase-input MuiOutlinedInput-input css-16wblaj-MuiInputBase-input-MuiOutlinedInput-input"[31m
            [33mid[31m=[32m":r2:"[31m
            [33mplaceholder[31m=[32m"Design a new task section"[31m
            [33mtype[31m=[32m"text"[31m
            [33mvalue[31m=[32m""[31m
          [36m/>[31m
          [36m<fieldset[31m
            [33maria-hidden[31m=[32m"true"[31m
            [33mclass[31m=[32m"MuiOutlinedInput-notchedOutline css-18p5xg2-MuiNotchedOutlined-root-MuiOutlinedInput-notchedOutline"[31m
          [36m>[31m
            [36m<legend[31m
              [33mclass[31m=[32m"css-1n64csd-MuiNotchedOutlined-root"[31m
            [36m>[31m
              [36m<span>[31m
                [0mChallenge title[0m
              [36m</span>[31m
            [36m</legend>[31m
          [36m</fieldset>[31m
        [36m</div>[31m
      [36m</div>[31m
      [36m<button[31m
        [33mclass[31m=[32m"MuiButtonBase-root MuiButton-root MuiButton-contained MuiButton-sizeMedium MuiButton-colorPrimary css-1xwf61x-MuiButtonBase-root-MuiButton-root"[31m
        [33mtabindex[31m=[32m"0"[31m
        [33mtype[31m=[32m"button"[31m
      [36m>[31m
        [0mEnter title[0m
      [36m</button>[31m
    [36m</div>[31m
  [36m</div>[31m
[36m</body>[31m[39m
[90m [2mG¥»[22m Object.getElementError node_modules/@testing-library/dom/dist/config.js:[2m37:19[22m[39m
[90m [2mG¥»[22m getAllByLabelText node_modules/@testing-library/dom/dist/queries/label-text.js:[2m111:38[22m[39m
[90m [2mG¥»[22m node_modules/@testing-library/dom/dist/query-helpers.js:[2m52:17[22m[39m
[90m [2mG¥»[22m node_modules/@testing-library/dom/dist/query-helpers.js:[2m95:19[22m[39m
[36m [2mG¥»[22m src/components/organisms/AddChallengeForm/index.test.tsx:[2m19:26[22m[39m
    [90m 17|[39m     [35mconst[39m handleAdd [33m=[39m vi[33m.[39m[34mfn[39m()[33m;[39m
    [90m 18|[39m     [34mrender[39m([33m<[39m[33mAddChallengeForm[39m [33monAddChallenge[39m[33m=[39m[33m{[39mhandleAdd[33m}[39m [33m/[39m[33m>[39m)[33m;[39m
    [90m 19|[39m     [35mconst[39m input [33m=[39m screen[33m.[39m[34mgetByLabelText[39m([32m"Challenge Title"[39m)[33m;[39m
    [90m   |[39m                          [31m^[39m
    [90m 20|[39m     const button = screen.getByRole("button", { name: /add challenge/iGÇª
    [90m 21|[39m
System.Management.Automation.RemoteException
[31m[2mGÄ»GÄ»GÄ»GÄ»GÄ»GÄ»GÄ»GÄ»GÄ»GÄ»GÄ»GÄ»GÄ»GÄ»GÄ»GÄ»GÄ»GÄ»GÄ»GÄ»GÄ»GÄ»GÄ»[3/13]GÄ»[22m[39m
System.Management.Automation.RemoteException
[41m[1m FAIL [22m[49m src/components/organisms/AddChallengeForm/index.test.tsx[2m > [22mAddChallengeForm[2m > [22mclears input after submission
[31m[1mTestingLibraryElementError[22m: Unable to find a label with the text of: Challenge Title
System.Management.Automation.RemoteException
Ignored nodes: comments, script, style
[36m<body>[31m
  [36m<div>[31m
    [36m<div[31m
      [33mclass[31m=[32m"MuiBox-root css-1p44k52"[31m
    [36m>[31m
      [36m<h6[31m
        [33mclass[31m=[32m"MuiTypography-root MuiTypography-h6 css-1miy0lu-MuiTypography-root"[31m
      [36m>[31m
        [0mAdd a new challenge[0m
      [36m</h6>[31m
      [36m<div[31m
        [33mclass[31m=[32m"MuiFormControl-root MuiFormControl-fullWidth MuiTextField-root css-cmpglg-MuiFormControl-root-MuiTextField-root"[31m
      [36m>[31m
        [36m<label[31m
          [33mclass[31m=[32m"MuiFormLabel-root MuiInputLabel-root MuiInputLabel-formControl MuiInputLabel-animated MuiInputLabel-outlined MuiFormLabel-colorPrimary MuiInputLabel-root MuiInputLabel-formControl MuiInputLabel-animated MuiInputLabel-outlined css-19qnlrw-MuiFormLabel-root-MuiInputLabel-root"[31m
          [33mdata-shrink[31m=[32m"false"[31m
          [33mfor[31m=[32m":r4:"[31m
          [33mid[31m=[32m":r4:-label"[31m
        [36m>[31m
          [0mChallenge title[0m
        [36m</label>[31m
        [36m<div[31m
          [33mclass[31m=[32m"MuiInputBase-root MuiOutlinedInput-root MuiInputBase-colorPrimary MuiInputBase-fullWidth MuiInputBase-formControl css-1blp12k-MuiInputBase-root-MuiOutlinedInput-root"[31m
        [36m>[31m
          [36m<input[31m
            [33maria-invalid[31m=[32m"false"[31m
            [33mclass[31m=[32m"MuiInputBase-input MuiOutlinedInput-input css-16wblaj-MuiInputBase-input-MuiOutlinedInput-input"[31m
            [33mid[31m=[32m":r4:"[31m
            [33mplaceholder[31m=[32m"Design a new task section"[31m
            [33mtype[31m=[32m"text"[31m
            [33mvalue[31m=[32m""[31m
          [36m/>[31m
          [36m<fieldset[31m
            [33maria-hidden[31m=[32m"true"[31m
            [33mclass[31m=[32m"MuiOutlinedInput-notchedOutline css-18p5xg2-MuiNotchedOutlined-root-MuiOutlinedInput-notchedOutline"[31m
          [36m>[31m
            [36m<legend[31m
              [33mclass[31m=[32m"css-1n64csd-MuiNotchedOutlined-root"[31m
            [36m>[31m
              [36m<span>[31m
                [0mChallenge title[0m
              [36m</span>[31m
            [36m</legend>[31m
          [36m</fieldset>[31m
        [36m</div>[31m
      [36m</div>[31m
      [36m<button[31m
        [33mclass[31m=[32m"MuiButtonBase-root MuiButton-root MuiButton-contained MuiButton-sizeMedium MuiButton-colorPrimary css-1xwf61x-MuiButtonBase-root-MuiButton-root"[31m
        [33mtabindex[31m=[32m"0"[31m
        [33mtype[31m=[32m"button"[31m
      [36m>[31m
        [0mEnter title[0m
      [36m</button>[31m
    [36m</div>[31m
  [36m</div>[31m
[36m</body>[31m[39m
[90m [2mG¥»[22m Object.getElementError node_modules/@testing-library/dom/dist/config.js:[2m37:19[22m[39m
[90m [2mG¥»[22m getAllByLabelText node_modules/@testing-library/dom/dist/queries/label-text.js:[2m111:38[22m[39m
[90m [2mG¥»[22m node_modules/@testing-library/dom/dist/query-helpers.js:[2m52:17[22m[39m
[90m [2mG¥»[22m node_modules/@testing-library/dom/dist/query-helpers.js:[2m95:19[22m[39m
[36m [2mG¥»[22m src/components/organisms/AddChallengeForm/index.test.tsx:[2m32:26[22m[39m
    [90m 30|[39m     [35mconst[39m handleAdd [33m=[39m vi[33m.[39m[34mfn[39m()[33m;[39m
    [90m 31|[39m     [34mrender[39m([33m<[39m[33mAddChallengeForm[39m [33monAddChallenge[39m[33m=[39m[33m{[39mhandleAdd[33m}[39m [33m/[39m[33m>[39m)[33m;[39m
    [90m 32|[39m     [35mconst[39m input [33m=[39m screen[33m.[39m[34mgetByLabelText[39m([32m"Challenge Title"[39m)[33m;[39m
    [90m   |[39m                          [31m^[39m
    [90m 33|[39m     const button = screen.getByRole("button", { name: /add challenge/iGÇª
    [90m 34|[39m
System.Management.Automation.RemoteException
[31m[2mGÄ»GÄ»GÄ»GÄ»GÄ»GÄ»GÄ»GÄ»GÄ»GÄ»GÄ»GÄ»GÄ»GÄ»GÄ»GÄ»GÄ»GÄ»GÄ»GÄ»GÄ»GÄ»GÄ»[4/13]GÄ»[22m[39m
System.Management.Automation.RemoteException
[41m[1m FAIL [22m[49m src/components/organisms/AddChallengeForm/index.test.tsx[2m > [22mAddChallengeForm[2m > [22mis a Paper component
[31m[1mTestingLibraryElementError[22m: Unable to find an accessible element with the role "form"
System.Management.Automation.RemoteException
Here are the accessible roles:
System.Management.Automation.RemoteException
  heading:
System.Management.Automation.RemoteException
  Name "Add a new challenge":
  [36m<h6[31m
    [33mclass[31m=[32m"MuiTypography-root MuiTypography-h6 css-1miy0lu-MuiTypography-root"[31m
  [36m/>[31m
System.Management.Automation.RemoteException
  --------------------------------------------------
  textbox:
System.Management.Automation.RemoteException
  Name "Challenge title":
  [36m<input[31m
    [33maria-invalid[31m=[32m"false"[31m
    [33mclass[31m=[32m"MuiInputBase-input MuiOutlinedInput-input css-16wblaj-MuiInputBase-input-MuiOutlinedInput-input"[31m
    [33mid[31m=[32m":r6:"[31m
    [33mplaceholder[31m=[32m"Design a new task section"[31m
    [33mtype[31m=[32m"text"[31m
    [33mvalue[31m=[32m""[31m
  [36m/>[31m
System.Management.Automation.RemoteException
  --------------------------------------------------
  button:
System.Management.Automation.RemoteException
  Name "Enter title":
  [36m<button[31m
    [33mclass[31m=[32m"MuiButtonBase-root MuiButton-root MuiButton-contained MuiButton-sizeMedium MuiButton-colorPrimary css-1xwf61x-MuiButtonBase-root-MuiButton-root"[31m
    [33mtabindex[31m=[32m"0"[31m
    [33mtype[31m=[32m"button"[31m
  [36m/>[31m
System.Management.Automation.RemoteException
  --------------------------------------------------
System.Management.Automation.RemoteException
Ignored nodes: comments, script, style
[36m<body>[31m
  [36m<div>[31m
    [36m<div[31m
      [33mclass[31m=[32m"MuiBox-root css-1p44k52"[31m
    [36m>[31m
      [36m<h6[31m
        [33mclass[31m=[32m"MuiTypography-root MuiTypography-h6 css-1miy0lu-MuiTypography-root"[31m
      [36m>[31m
        [0mAdd a new challenge[0m
      [36m</h6>[31m
      [36m<div[31m
        [33mclass[31m=[32m"MuiFormControl-root MuiFormControl-fullWidth MuiTextField-root css-cmpglg-MuiFormControl-root-MuiTextField-root"[31m
      [36m>[31m
        [36m<label[31m
          [33mclass[31m=[32m"MuiFormLabel-root MuiInputLabel-root MuiInputLabel-formControl MuiInputLabel-animated MuiInputLabel-outlined MuiFormLabel-colorPrimary MuiInputLabel-root MuiInputLabel-formControl MuiInputLabel-animated MuiInputLabel-outlined css-19qnlrw-MuiFormLabel-root-MuiInputLabel-root"[31m
          [33mdata-shrink[31m=[32m"false"[31m
          [33mfor[31m=[32m":r6:"[31m
          [33mid[31m=[32m":r6:-label"[31m
        [36m>[31m
          [0mChallenge title[0m
        [36m</label>[31m
        [36m<div[31m
          [33mclass[31m=[32m"MuiInputBase-root MuiOutlinedInput-root MuiInputBase-colorPrimary MuiInputBase-fullWidth MuiInputBase-formControl css-1blp12k-MuiInputBase-root-MuiOutlinedInput-root"[31m
        [36m>[31m
          [36m<input[31m
            [33maria-invalid[31m=[32m"false"[31m
            [33mclass[31m=[32m"MuiInputBase-input MuiOutlinedInput-input css-16wblaj-MuiInputBase-input-MuiOutlinedInput-input"[31m
            [33mid[31m=[32m":r6:"[31m
            [33mplaceholder[31m=[32m"Design a new task section"[31m
            [33mtype[31m=[32m"text"[31m
            [33mvalue[31m=[32m""[31m
          [36m/>[31m
          [36m<fieldset[31m
            [33maria-hidden[31m=[32m"true"[31m
            [33mclass[31m=[32m"MuiOutlinedInput-notchedOutline css-18p5xg2-MuiNotchedOutlined-root-MuiOutlinedInput-notchedOutline"[31m
          [36m>[31m
            [36m<legend[31m
              [33mclass[31m=[32m"css-1n64csd-MuiNotchedOutlined-root"[31m
            [36m>[31m
              [36m<span>[31m
                [0mChallenge title[0m
              [36m</span>[31m
            [36m</legend>[31m
          [36m</fieldset>[31m
        [36m</div>[31m
      [36m</div>[31m
      [36m<button[31m
        [33mclass[31m=[32m"MuiButtonBase-root MuiButton-root MuiButton-contained MuiButton-sizeMedium MuiButton-colorPrimary css-1xwf61x-MuiButtonBase-root-MuiButton-root"[31m
        [33mtabindex[31m=[32m"0"[31m
        [33mtype[31m=[32m"button"[31m
      [36m>[31m
        [0mEnter title[0m
      [36m</button>[31m
    [36m</div>[31m
  [36m</div>[31m
[36m</body>[31m[39m
[90m [2mG¥»[22m Object.getElementError node_modules/@testing-library/dom/dist/config.js:[2m37:19[22m[39m
[90m [2mG¥»[22m node_modules/@testing-library/dom/dist/query-helpers.js:[2m76:38[22m[39m
[90m [2mG¥»[22m node_modules/@testing-library/dom/dist/query-helpers.js:[2m52:17[22m[39m
[90m [2mG¥»[22m node_modules/@testing-library/dom/dist/query-helpers.js:[2m95:19[22m[39m
[36m [2mG¥»[22m src/components/organisms/AddChallengeForm/index.test.tsx:[2m43:25[22m[39m
    [90m 41|[39m   [34mit[39m([32m"is a Paper component"[39m[33m,[39m () [33m=>[39m {
    [90m 42|[39m     [34mrender[39m([33m<[39m[33mAddChallengeForm[39m [33m/[39m[33m>[39m)[33m;[39m
    [90m 43|[39m     [35mconst[39m form [33m=[39m screen[33m.[39m[34mgetByRole[39m([32m"form"[39m)[33m.[39mparentElement[33m;[39m
    [90m   |[39m                         [31m^[39m
    [90m 44|[39m     [34mexpect[39m(form)[33m.[39m[34mtoHaveClass[39m([32m"MuiPaper-root"[39m)[33m;[39m
    [90m 45|[39m   })[33m;[39m
System.Management.Automation.RemoteException
[31m[2mGÄ»GÄ»GÄ»GÄ»GÄ»GÄ»GÄ»GÄ»GÄ»GÄ»GÄ»GÄ»GÄ»GÄ»GÄ»GÄ»GÄ»GÄ»GÄ»GÄ»GÄ»GÄ»GÄ»[5/13]GÄ»[22m[39m
System.Management.Automation.RemoteException
[41m[1m FAIL [22m[49m src/components/organisms/Navbar/index.test.tsx[2m > [22mNavbar[2m > [22mrenders title
[31m[1mTestingLibraryElementError[22m: Unable to find an element with the text: Dashboard. This could be because the text is broken up by multiple elements. In this case, you can provide a function for your text matcher to make your matcher more flexible.
System.Management.Automation.RemoteException
Ignored nodes: comments, script, style
[36m<body>[31m
  [36m<div>[31m
    [36m<div[31m
      [33mclass[31m=[32m"MuiBox-root css-69i1ev"[31m
    [36m>[31m
      [36m<div[31m
        [33mclass[31m=[32m"MuiBox-root css-0"[31m
      [36m>[31m
        [36m<span[31m
          [33mclass[31m=[32m"MuiTypography-root MuiTypography-overline css-1nb37h6-MuiTypography-root"[31m
        [36m>[31m
          [0mTask Dashboard[0m
        [36m</span>[31m
        [36m<h4[31m
          [33mclass[31m=[32m"MuiTypography-root MuiTypography-h4 css-4cbfv-MuiTypography-root"[31m
        [36m>[31m
          [0mChallenge Center[0m
        [36m</h4>[31m
      [36m</div>[31m
      [36m<div[31m
        [33mclass[31m=[32m"atom-avatar"[31m
      [36m>[31m
        [0mAT[0m
      [36m</div>[31m
    [36m</div>[31m
  [36m</div>[31m
[36m</body>[31m[39m
[90m [2mG¥»[22m Object.getElementError node_modules/@testing-library/dom/dist/config.js:[2m37:19[22m[39m
[90m [2mG¥»[22m node_modules/@testing-library/dom/dist/query-helpers.js:[2m76:38[22m[39m
[90m [2mG¥»[22m node_modules/@testing-library/dom/dist/query-helpers.js:[2m52:17[22m[39m
[90m [2mG¥»[22m node_modules/@testing-library/dom/dist/query-helpers.js:[2m95:19[22m[39m
[36m [2mG¥»[22m src/components/organisms/Navbar/index.test.tsx:[2m8:19[22m[39m
    [90m  6|[39m   [34mit[39m([32m"renders title"[39m[33m,[39m () [33m=>[39m {
    [90m  7|[39m     [34mrender[39m([33m<[39m[33mNavbar[39m [33mtitle[39m[33m=[39m[32m"Dashboard"[39m [33m/[39m[33m>[39m)[33m;[39m
    [90m  8|[39m     [34mexpect[39m(screen[33m.[39m[34mgetByText[39m([32m"Dashboard"[39m))[33m.[39m[34mtoBeInTheDocument[39m()[33m;[39m
    [90m   |[39m                   [31m^[39m
    [90m  9|[39m   })[33m;[39m
    [90m 10|[39m
System.Management.Automation.RemoteException
[31m[2mGÄ»GÄ»GÄ»GÄ»GÄ»GÄ»GÄ»GÄ»GÄ»GÄ»GÄ»GÄ»GÄ»GÄ»GÄ»GÄ»GÄ»GÄ»GÄ»GÄ»GÄ»GÄ»GÄ»[6/13]GÄ»[22m[39m
System.Management.Automation.RemoteException
[41m[1m FAIL [22m[49m src/components/organisms/Navbar/index.test.tsx[2m > [22mNavbar[2m > [22mrenders navigation items
[31m[1mTestingLibraryElementError[22m: Unable to find an element with the text: Home. This could be because the text is broken up by multiple elements. In this case, you can provide a function for your text matcher to make your matcher more flexible.
System.Management.Automation.RemoteException
Ignored nodes: comments, script, style
[36m<body>[31m
  [36m<div>[31m
    [36m<div[31m
      [33mclass[31m=[32m"MuiBox-root css-69i1ev"[31m
    [36m>[31m
      [36m<div[31m
        [33mclass[31m=[32m"MuiBox-root css-0"[31m
      [36m>[31m
        [36m<span[31m
          [33mclass[31m=[32m"MuiTypography-root MuiTypography-overline css-1nb37h6-MuiTypography-root"[31m
        [36m>[31m
          [0mTask Dashboard[0m
        [36m</span>[31m
        [36m<h4[31m
          [33mclass[31m=[32m"MuiTypography-root MuiTypography-h4 css-4cbfv-MuiTypography-root"[31m
        [36m>[31m
          [0mChallenge Center[0m
        [36m</h4>[31m
      [36m</div>[31m
      [36m<div[31m
        [33mclass[31m=[32m"atom-avatar"[31m
      [36m>[31m
        [0mAT[0m
      [36m</div>[31m
    [36m</div>[31m
  [36m</div>[31m
[36m</body>[31m[39m
[90m [2mG¥»[22m Object.getElementError node_modules/@testing-library/dom/dist/config.js:[2m37:19[22m[39m
[90m [2mG¥»[22m node_modules/@testing-library/dom/dist/query-helpers.js:[2m76:38[22m[39m
[90m [2mG¥»[22m node_modules/@testing-library/dom/dist/query-helpers.js:[2m52:17[22m[39m
[90m [2mG¥»[22m node_modules/@testing-library/dom/dist/query-helpers.js:[2m95:19[22m[39m
[36m [2mG¥»[22m src/components/organisms/Navbar/index.test.tsx:[2m13:19[22m[39m
    [90m 11|[39m   [34mit[39m([32m"renders navigation items"[39m[33m,[39m () [33m=>[39m {
    [90m 12|[39m     [34mrender[39m([33m<[39m[33mNavbar[39m [33mtitle[39m[33m=[39m[32m"Dashboard"[39m [33m/[39m[33m>[39m)[33m;[39m
    [90m 13|[39m     [34mexpect[39m(screen[33m.[39m[34mgetByText[39m([32m"Home"[39m))[33m.[39m[34mtoBeInTheDocument[39m()[33m;[39m
    [90m   |[39m                   [31m^[39m
    [90m 14|[39m     [34mexpect[39m(screen[33m.[39m[34mgetByText[39m([32m"Settings"[39m))[33m.[39m[34mtoBeInTheDocument[39m()[33m;[39m
    [90m 15|[39m   })[33m;[39m
System.Management.Automation.RemoteException
[31m[2mGÄ»GÄ»GÄ»GÄ»GÄ»GÄ»GÄ»GÄ»GÄ»GÄ»GÄ»GÄ»GÄ»GÄ»GÄ»GÄ»GÄ»GÄ»GÄ»GÄ»GÄ»GÄ»GÄ»[7/13]GÄ»[22m[39m
System.Management.Automation.RemoteException
[41m[1m FAIL [22m[49m src/components/organisms/Navbar/index.test.tsx[2m > [22mNavbar[2m > [22mis an AppBar component
[31m[1mTestingLibraryElementError[22m: Unable to find an accessible element with the role "banner"
System.Management.Automation.RemoteException
Here are the accessible roles:
System.Management.Automation.RemoteException
  heading:
System.Management.Automation.RemoteException
  Name "Challenge Center":
  [36m<h4[31m
    [33mclass[31m=[32m"MuiTypography-root MuiTypography-h4 css-4cbfv-MuiTypography-root"[31m
  [36m/>[31m
System.Management.Automation.RemoteException
  --------------------------------------------------
System.Management.Automation.RemoteException
Ignored nodes: comments, script, style
[36m<body>[31m
  [36m<div>[31m
    [36m<div[31m
      [33mclass[31m=[32m"MuiBox-root css-69i1ev"[31m
    [36m>[31m
      [36m<div[31m
        [33mclass[31m=[32m"MuiBox-root css-0"[31m
      [36m>[31m
        [36m<span[31m
          [33mclass[31m=[32m"MuiTypography-root MuiTypography-overline css-1nb37h6-MuiTypography-root"[31m
        [36m>[31m
          [0mTask Dashboard[0m
        [36m</span>[31m
        [36m<h4[31m
          [33mclass[31m=[32m"MuiTypography-root MuiTypography-h4 css-4cbfv-MuiTypography-root"[31m
        [36m>[31m
          [0mChallenge Center[0m
        [36m</h4>[31m
      [36m</div>[31m
      [36m<div[31m
        [33mclass[31m=[32m"atom-avatar"[31m
      [36m>[31m
        [0mAT[0m
      [36m</div>[31m
    [36m</div>[31m
  [36m</div>[31m
[36m</body>[31m[39m
[90m [2mG¥»[22m Object.getElementError node_modules/@testing-library/dom/dist/config.js:[2m37:19[22m[39m
[90m [2mG¥»[22m node_modules/@testing-library/dom/dist/query-helpers.js:[2m76:38[22m[39m
[90m [2mG¥»[22m node_modules/@testing-library/dom/dist/query-helpers.js:[2m52:17[22m[39m
[90m [2mG¥»[22m node_modules/@testing-library/dom/dist/query-helpers.js:[2m95:19[22m[39m
[36m [2mG¥»[22m src/components/organisms/Navbar/index.test.tsx:[2m19:27[22m[39m
    [90m 17|[39m   [34mit[39m([32m"is an AppBar component"[39m[33m,[39m () [33m=>[39m {
    [90m 18|[39m     [34mrender[39m([33m<[39m[33mNavbar[39m [33mtitle[39m[33m=[39m[32m"Dashboard"[39m [33m/[39m[33m>[39m)[33m;[39m
    [90m 19|[39m     [35mconst[39m navbar [33m=[39m screen[33m.[39m[34mgetByRole[39m([32m"banner"[39m)[33m;[39m
    [90m   |[39m                           [31m^[39m
    [90m 20|[39m     [34mexpect[39m(navbar)[33m.[39m[34mtoHaveClass[39m([32m"MuiAppBar-root"[39m)[33m;[39m
    [90m 21|[39m   })[33m;[39m
System.Management.Automation.RemoteException
[31m[2mGÄ»GÄ»GÄ»GÄ»GÄ»GÄ»GÄ»GÄ»GÄ»GÄ»GÄ»GÄ»GÄ»GÄ»GÄ»GÄ»GÄ»GÄ»GÄ»GÄ»GÄ»GÄ»GÄ»[8/13]GÄ»[22m[39m
System.Management.Automation.RemoteException
[41m[1m FAIL [22m[49m src/components/organisms/ChallengeList/index.test.tsx[2m > [22mChallengeList[2m > [22mrenders empty state when no challenges
[31m[1mTestingLibraryElementError[22m: Unable to find an element with the text: No challenges yet. Add your first challenge!. This could be because the text is broken up by multiple elements. In this case, you can provide a function for your text matcher to make your matcher more flexible.
System.Management.Automation.RemoteException
Ignored nodes: comments, script, style
[36m<body>[31m
  [36m<div>[31m
    [36m<p[31m
      [33mclass[31m=[32m"MuiTypography-root MuiTypography-body1 css-10qbz3q-MuiTypography-root"[31m
    [36m>[31m
      [0mNo challenges yet. Add a task to get started.[0m
    [36m</p>[31m
  [36m</div>[31m
[36m</body>[31m[39m
[90m [2mG¥»[22m Object.getElementError node_modules/@testing-library/dom/dist/config.js:[2m37:19[22m[39m
[90m [2mG¥»[22m node_modules/@testing-library/dom/dist/query-helpers.js:[2m76:38[22m[39m
[90m [2mG¥»[22m node_modules/@testing-library/dom/dist/query-helpers.js:[2m52:17[22m[39m
[90m [2mG¥»[22m node_modules/@testing-library/dom/dist/query-helpers.js:[2m95:19[22m[39m
[36m [2mG¥»[22m src/components/organisms/ChallengeList/index.test.tsx:[2m21:14[22m[39m
    [90m 19|[39m     [34mrender[39m([33m<[39m[33mChallengeList[39m [33mchallenges[39m[33m=[39m[33m{[39m[][33m}[39m [33m/[39m[33m>[39m)[33m;[39m
    [90m 20|[39m     [34mexpect[39m(
    [90m 21|[39m       screen[33m.[39m[34mgetByText[39m([32m"No challenges yet. Add your first challenge!"[39m)[33m,[39m
    [90m   |[39m              [31m^[39m
    [90m 22|[39m     )[33m.[39m[34mtoBeInTheDocument[39m()[33m;[39m
    [90m 23|[39m   })[33m;[39m
System.Management.Automation.RemoteException
[31m[2mGÄ»GÄ»GÄ»GÄ»GÄ»GÄ»GÄ»GÄ»GÄ»GÄ»GÄ»GÄ»GÄ»GÄ»GÄ»GÄ»GÄ»GÄ»GÄ»GÄ»GÄ»GÄ»GÄ»[9/13]GÄ»[22m[39m
System.Management.Automation.RemoteException
[41m[1m FAIL [22m[49m src/components/organisms/ChallengeList/index.test.tsx[2m > [22mChallengeList[2m > [22mis a List component
[31m[1mTestingLibraryElementError[22m: Unable to find an accessible element with the role "list"
System.Management.Automation.RemoteException
Here are the accessible roles:
System.Management.Automation.RemoteException
  heading:
System.Management.Automation.RemoteException
  Name "Challenge 1":
  [36m<h6[31m
    [33mclass[31m=[32m"MuiTypography-root MuiTypography-subtitle1 css-1o8i5lp-MuiTypography-root"[31m
  [36m/>[31m
System.Management.Automation.RemoteException
  Name "Challenge 2":
  [36m<h6[31m
    [33mclass[31m=[32m"MuiTypography-root MuiTypography-subtitle1 css-1o8i5lp-MuiTypography-root"[31m
  [36m/>[31m
System.Management.Automation.RemoteException
  --------------------------------------------------
  button:
System.Management.Automation.RemoteException
  Name "Mark Completed":
  [36m<button[31m
    [33mclass[31m=[32m"MuiButtonBase-root MuiButton-root MuiButton-outlined MuiButton-sizeMedium MuiButton-colorPrimary css-v6ccy4-MuiButtonBase-root-MuiButton-root"[31m
    [33mtabindex[31m=[32m"0"[31m
    [33mtype[31m=[32m"button"[31m
  [36m/>[31m
System.Management.Automation.RemoteException
  Name "Mark Pending":
  [36m<button[31m
    [33mclass[31m=[32m"MuiButtonBase-root MuiButton-root MuiButton-outlined MuiButton-sizeMedium MuiButton-colorPrimary css-v6ccy4-MuiButtonBase-root-MuiButton-root"[31m
    [33mtabindex[31m=[32m"0"[31m
    [33mtype[31m=[32m"button"[31m
  [36m/>[31m
System.Management.Automation.RemoteException
  --------------------------------------------------
System.Management.Automation.RemoteException
Ignored nodes: comments, script, style
[36m<body>[31m
  [36m<div>[31m
    [36m<div[31m
      [33mclass[31m=[32m"MuiBox-root css-1p44k52"[31m
    [36m>[31m
      [36m<div[31m
        [33mclass[31m=[32m"MuiBox-root css-1x215ki"[31m
      [36m>[31m
        [36m<div[31m
          [33mclass[31m=[32m"MuiBox-root css-69i1ev"[31m
        [36m>[31m
          [36m<h6[31m
            [33mclass[31m=[32m"MuiTypography-root MuiTypography-subtitle1 css-1o8i5lp-MuiTypography-root"[31m
          [36m>[31m
            [0mChallenge 1[0m
          [36m</h6>[31m
          [36m<span[31m
            [33mclass[31m=[32m"atom-badge"[31m
            [33mstyle[31m=[32m"background: rgba(245, 158, 11, 0.18); color: rgb(252, 211, 77);"[31m
          [36m>[31m
            [0mPending[0m
          [36m</span>[31m
        [36m</div>[31m
        [36m<button[31m
          [33mclass[31m=[32m"MuiButtonBase-root MuiButton-root MuiButton-outlined MuiButton-sizeMedium MuiButton-colorPrimary css-v6ccy4-MuiButtonBase-root-MuiButton-root"[31m
          [33mtabindex[31m=[32m"0"[31m
          [33mtype[31m=[32m"button"[31m
        [36m>[31m
          [0mMark Completed[0m
        [36m</button>[31m
      [36m</div>[31m
      [36m<div[31m
        [33mclass[31m=[32m"MuiBox-root css-1x215ki"[31m
      [36m>[31m
        [36m<div[31m
          [33mclass[31m=[32m"MuiBox-root css-69i1ev"[31m
        [36m>[31m
          [36m<h6[31m
            [33mclass[31m=[32m"MuiTypography-root MuiTypography-subtitle1 css-1o8i5lp-MuiTypography-root"[31m
          [36m>[31m
            [0mChallenge 2[0m
          [36m</h6>[31m
          [36m<span[31m
            [33mclass[31m=[32m"atom-badge"[31m
            [33mstyle[31m=[32m"background: rgba(16, 185, 129, 0.18); color: rgb(167, 243, 208);"[31m
          [36m>[31m
            [0mCompleted[0m
          [36m</span>[31m
        [36m</div>[31m
        [36m<button[31m
          [33mclass[31m=[32m"MuiButtonBase-root MuiButton-root MuiButton-outlined MuiButton-sizeMedium MuiButton-colorPrimary css-v6ccy4-MuiButtonBase-root-MuiButton-root"[31m
          [33mtabindex[31m=[32m"0"[31m
          [33mtype[31m=[32m"button"[31m
        [36m>[31m
          [0mMark Pending[0m
        [36m</button>[31m
      [36m</div>[31m
    [36m</div>[31m
  [36m</div>[31m
[36m</body>[31m[39m
[90m [2mG¥»[22m Object.getElementError node_modules/@testing-library/dom/dist/config.js:[2m37:19[22m[39m
[90m [2mG¥»[22m node_modules/@testing-library/dom/dist/query-helpers.js:[2m76:38[22m[39m
[90m [2mG¥»[22m node_modules/@testing-library/dom/dist/query-helpers.js:[2m52:17[22m[39m
[90m [2mG¥»[22m node_modules/@testing-library/dom/dist/query-helpers.js:[2m95:19[22m[39m
[36m [2mG¥»[22m src/components/organisms/ChallengeList/index.test.tsx:[2m39:25[22m[39m
    [90m 37|[39m   [34mit[39m([32m"is a List component"[39m[33m,[39m () [33m=>[39m {
    [90m 38|[39m     [34mrender[39m([33m<[39m[33mChallengeList[39m [33mchallenges[39m[33m=[39m[33m{[39mmockChallenges[33m}[39m [33m/[39m[33m>[39m)[33m;[39m
    [90m 39|[39m     [35mconst[39m list [33m=[39m screen[33m.[39m[34mgetByRole[39m([32m"list"[39m)[33m;[39m
    [90m   |[39m                         [31m^[39m
    [90m 40|[39m     [34mexpect[39m(list)[33m.[39m[34mtoHaveClass[39m([32m"MuiList-root"[39m)[33m;[39m
    [90m 41|[39m   })[33m;[39m
System.Management.Automation.RemoteException
[31m[2mGÄ»GÄ»GÄ»GÄ»GÄ»GÄ»GÄ»GÄ»GÄ»GÄ»GÄ»GÄ»GÄ»GÄ»GÄ»GÄ»GÄ»GÄ»GÄ»GÄ»GÄ»GÄ»[10/13]GÄ»[22m[39m
System.Management.Automation.RemoteException
[41m[1m FAIL [22m[49m src/components/pages/DashboardPage/index.test.tsx[2m > [22mDashboardPage[2m > [22mrenders DashboardTemplate
[31m[1mTestingLibraryElementError[22m[39m: Unable to find an accessible element with the role "main"
System.Management.Automation.RemoteException
Here are the accessible roles:
System.Management.Automation.RemoteException
  heading:
System.Management.Automation.RemoteException
  Name "Challenge Center":
  [36m<h4[39m
    [33mclass[39m=[32m"MuiTypography-root MuiTypography-h4 css-4cbfv-MuiTypography-root"[39m
  [36m/>[39m
System.Management.Automation.RemoteException
  Name "Active Challenges (...)":
  [36m<h6[39m
    [33mclass[39m=[32m"MuiTypography-root MuiTypography-h6 MuiTypography-gutterBottom css-1wmifpn-MuiTypography-root"[39m
  [36m/>[39m
System.Management.Automation.RemoteException
  Name "Add a new challenge":
  [36m<h6[39m
    [33mclass[39m=[32m"MuiTypography-root MuiTypography-h6 css-1miy0lu-MuiTypography-root"[39m
  [36m/>[39m
System.Management.Automation.RemoteException
  Name "Progress board":
  [36m<h6[39m
    [33mclass[39m=[32m"MuiTypography-root MuiTypography-h6 css-12zfj8h-MuiTypography-root"[39m
  [36m/>[39m
System.Management.Automation.RemoteException
  Name "Next milestone":
  [36m<h6[39m
    [33mclass[39m=[32m"MuiTypography-root MuiTypography-subtitle2 css-1ypmsg6-MuiTypography-root"[39m
  [36m/>[39m
System.Management.Automation.RemoteException
  --------------------------------------------------
  textbox:
System.Management.Automation.RemoteException
  Name "":
  [36m<input[39m
    [33maria-invalid[39m=[32m"false"[39m
    [33mclass[39m=[32m"MuiInputBase-input MuiOutlinedInput-input css-16wblaj-MuiInputBase-input-MuiOutlinedInput-input"[39m
    [33mid[39m=[32m":r0:"[39m
    [33mplaceholder[39m=[32m"Search tasks..."[39m
    [33mtype[39m=[32m"text"[39m
    [33mvalue[39m=[32m""[39m
  [36m/>[39m
System.Management.Automation.RemoteException
  Name "Challenge title":
  [36m<input[39m
    [33maria-invalid[39m=[32m"false"[39m
    [33mclass[39m=[32m"MuiInputBase-input MuiOutlinedInput-input css-16wblaj-MuiInputBase-input-MuiOutlinedInput-input"[39m
    [33mid[39m=[32m":r2:"[39m
    [33mplaceholder[39m=[32m"Design a new task section"[39m
    [33mtype[39m=[32m"text"[39m
    [33mvalue[39m=[32m""[39m
  [36m/>[39m
System.Management.Automation.RemoteException
  --------------------------------------------------
  button:
System.Management.Automation.RemoteException
  Name "Search":
  [36m<button[39m
    [33mclass[39m=[32m"MuiButtonBase-root MuiButton-root MuiButton-outlined MuiButton-sizeMedium MuiButton-colorPrimary css-v6ccy4-MuiButtonBase-root-MuiButton-root"[39m
    [33mtabindex[39m=[32m"0"[39m
    [33mtype[39m=[32m"button"[39m
  [36m/>[39m
System.Management.Automation.RemoteException
  Name "Enter title":
  [36m<button[39m
    [33mclass[39m=[32m"MuiButtonBase-root MuiButton-root MuiButton-contained MuiButton-sizeMedium MuiButton-colorPrimary css-1xwf61x-MuiButtonBase-root-MuiButton-root"[39m
    [33mtabindex[39m=[32m"0"[39m
    [33mtype[39m=[32m"button"[39m
  [36m/>[39m
System.Management.Automation.RemoteException
  --------------------------------------------------
  progressbar:
System.Management.Automation.RemoteException
  Name "":
  [36m<span[39m
    [33mclass[39m=[32m"MuiCircularProgress-root MuiCircularProgress-indeterminate MuiCircularProgress-colorPrimary css-1wxecgq-MuiCircularProgress-root"[39m
    [33mrole[39m=[32m"progressbar"[39m
    [33mstyle[39m=[32m"width: 40px; height: 40px;"[39m
  [36m/>[39m
System.Management.Automation.RemoteException
  --------------------------------------------------
  paragraph:
System.Management.Automation.RemoteException
  Name "":
  [36m<p[39m
    [33mclass[39m=[32m"MuiTypography-root MuiTypography-body1 css-rizt0-MuiTypography-root"[39m
  [36m/>[39m
System.Management.Automation.RemoteException
  Name "":
  [36m<p[39m
    [33mclass[39m=[32m"MuiTypography-root MuiTypography-body1 css-rizt0-MuiTypography-root"[39m
  [36m/>[39m
System.Management.Automation.RemoteException
  Name "":
  [36m<p[39m
    [33mclass[39m=[32m"MuiTypography-root MuiTypography-body1 css-38rnu9-MuiTypography-root"[39m
  [36m/>[39m
System.Management.Automation.RemoteException
  --------------------------------------------------
System.Management.Automation.RemoteException
Ignored nodes: comments, script, style
[36m<body>[39m
  [36m<div>[39m
    [36m<div[39m
      [33mclass[39m=[32m"MuiBox-root css-13dpkcn"[39m
    [36m>[39m
      [36m<div[39m
        [33mclass[39m=[32m"MuiBox-root css-69i1ev"[39m
      [36m>[39m
        [36m<div[39m
          [33mclass[39m=[32m"MuiBox-root css-0"[39m
        [36m>[39m
          [36m<span[39m
            [33mclass[39m=[32m"MuiTypography-root MuiTypography-overline css-1nb37h6-MuiTypography-root"[39m
          [36m>[39m
            [0mTask Dashboard[0m
          [36m</span>[39m
          [36m<h4[39m
            [33mclass[39m=[32m"MuiTypography-root MuiTypography-h4 css-4cbfv-MuiTypography-root"[39m
          [36m>[39m
            [0mChallenge Center[0m
          [36m</h4>[39m
        [36m</div>[39m
        [36m<div[39m
          [33mclass[39m=[32m"atom-avatar"[39m
        [36m>[39m
          [0mAT[0m
        [36m</div>[39m
      [36m</div>[39m
      [36m<div[39m
        [33mclass[39m=[32m"MuiBox-root css-0"[39m
      [36m>[39m
        [36m<div[39m
          [33mclass[39m=[32m"MuiBox-root css-v7nvu5"[39m
        [36m>[39m
          [36m<div[39m
            [33mclass[39m=[32m"MuiFormControl-root MuiFormControl-fullWidth MuiTextField-root css-cmpglg-MuiFormControl-root-MuiTextField-root"[39m
          [36m>[39m
            [36m<div[39m
              [33mclass[39m=[32m"MuiInputBase-root MuiOutlinedInput-root MuiInputBase-colorPrimary MuiInputBase-fullWidth MuiInputBase-formControl css-1blp12k-MuiInputBase-root-MuiOutlinedInput-root"[39m
            [36m>[39m
              [36m<input[39m
                [33maria-invalid[39m=[32m"false"[39m
                [33mclass[39m=[32m"MuiInputBase-input MuiOutlinedInput-input css-16wblaj-MuiInputBase-input-MuiOutlinedInput-input"[39m
                [33mid[39m=[32m":r0:"[39m
                [33mplaceholder[39m=[32m"Search tasks..."[39m
                [33mtype[39m=[32m"text"[39m
                [33mvalue[39m=[32m""[39m
              [36m/>[39m
              [36m<fieldset[39m
                [33maria-hidden[39m=[32m"true"[39m
                [33mclass[39m=[32m"MuiOutlinedInput-notchedOutline css-18p5xg2-MuiNotchedOutlined-root-MuiOutlinedInput-notchedOutline"[39m
              [36m>[39m
                [36m<legend[39m
                  [33mclass[39m=[32m"css-1nf2c5d-MuiNotchedOutlined-root"[39m
                [36m>[39m
                  [36m<span[39m
                    [33maria-hidden[39m=[32m"true"[39m
                    [33mclass[39m=[32m"notranslate"[39m
                  [36m>[39m
                    [0mGÇï[0m
                  [36m</span>[39m
                [36m</legend>[39m
              [36m</fieldset>[39m
            [36m</div>[39m
          [36m</div>[39m
          [36m<button[39m
            [33mclass[39m=[32m"MuiButtonBase-root MuiButton-root MuiButton-outlined MuiButton-sizeMedium MuiButton-colorPrimary css-v6ccy4-MuiButtonBase-root-MuiButton-root"[39m
            [33mtabindex[39m=[32m"0"[39m
            [33mtype[39m=[32m"button"[39m
          [36m>[39m
            [0mSearch[0m
          [36m</button>[39m
        [36m</div>[39m
      [36m</div>[39m
      [36m<div[39m
        [33mclass[39m=[32m"MuiGrid-root MuiGrid-container MuiGrid-direction-xs-row MuiGrid-spacing-xs-3 css-1u8xl8z-MuiGrid-root"[39m
      [36m>[39m
        [36m<div[39m
          [33mclass[39m=[32m"MuiGrid-root MuiGrid-direction-xs-row css-17fpwt7-MuiGrid-root"[39m
          [33mmd[39m=[32m"8"[39m
          [33mxs[39m=[32m"12"[39m
        [36m>[39m
          [36m<div[39m
            [33mclass[39m=[32m"MuiPaper-root MuiPaper-elevation MuiPaper-rounded MuiPaper-elevation1 css-5pk24p-MuiPaper-root"[39m
            [33mstyle[39m=[32m"--Paper-shadow: 0px 2px 1px -1px rgba(0,0,0,0.2),0px 1px 1px 0px rgba(0,0,0,0.14),0px 1px 3px 0px rgba(0,0,0,0.12);"[39m
          [36m>[39m
            [36m<h6[39m
              [33mclass[39m=[32m"MuiTypography-root MuiTypography-h6 MuiTypography-gutterBottom css-1wmifpn-MuiTypography-root"[39m
            [36m>[39m
              [0mActive Challenges ([0m
              [0m...[0m
              [0m)[0m
            [36m</h6>[39m
            [36m<div[39m
              [33mclass[39m=[32m"MuiBox-root css-zzzt33"[39m
            [36m>[39m
              [36m<span[39m
                [33mclass[39m=[32m"MuiCircularProgress-root MuiCircularProgress-indeterminate MuiCircularProgress-colorPrimary css-1wxecgq-MuiCircularProgress-root"[39m
                [33mrole[39m=[32m"progressbar"[39m
                [33mstyle[39m=[32m"width: 40px; height: 40px;"[39m
              [36m>[39m
                [36m<svg[39m
                  [33mclass[39m=[32m"MuiCircularProgress-svg css-54pwck-MuiCircularProgress-svg"[39m
                  [33mviewBox[39m=[32m"22 22 44 44"[39m
                [36m>[39m
                  [36m<circle[39m
                    [33mclass[39m=[32m"MuiCircularProgress-circle css-19t5dcl-MuiCircularProgress-circle"[39m
                    [33mcx[39m=[32m"44"[39m
                    [33mcy[39m=[32m"44"[39m
                    [33mfill[39m=[32m"none"[39m
                    [33mr[39m=[32m"20.2"[39m
                    [33mstroke-width[39m=[32m"3.6"[39m
                  [36m/>[39m
                [36m</svg>[39m
              [36m</span>[39m
            [36m</div>[39m
          [36m</div>[39m
        [36m</div>[39m
        [36m<div[39m
          [33mclass[39m=[32m"MuiGrid-root MuiGrid-direction-xs-row css-17fpwt7-MuiGrid-root"[39m
          [33mmd[39m=[32m"4"[39m
          [33mxs[39m=[32m"12"[39m
        [36m>[39m
          [36m<div[39m
            [33mclass[39m=[32m"MuiPaper-root MuiPaper-elevation MuiPaper-rounded MuiPaper-elevation1 css-5pk24p-MuiPaper-root"[39m
            [33mstyle[39m=[32m"--Paper-shadow: 0px 2px 1px -1px rgba(0,0,0,0.2),0px 1px 1px 0px rgba(0,0,0,0.14),0px 1px 3px 0px rgba(0,0,0,0.12);"[39m
          [36m>[39m
            [36m<div[39m
              [33mclass[39m=[32m"MuiBox-root css-1p44k52"[39m
            [36m>[39m
              [36m<h6[39m
                [33mclass[39m=[32m"MuiTypography-root MuiTypography-h6 css-1miy0lu-MuiTypography-root"[39m
              [36m>[39m
                [0mAdd a new challenge[0m
              [36m</h6>[39m
              [36m<div[39m
                [33mclass[39m=[32m"MuiFormControl-root MuiFormControl-fullWidth MuiTextField-root css-cmpglg-MuiFormControl-root-MuiTextField-root"[39m
              [36m>[39m
                [36m<label[39m
                  [33mclass[39m=[32m"MuiFormLabel-root MuiInputLabel-root MuiInputLabel-formControl MuiInputLabel-animated MuiInputLabel-outlined MuiFormLabel-colorPrimary MuiInputLabel-root MuiInputLabel-formControl MuiInputLabel-animated MuiInputLabel-outlined css-19qnlrw-MuiFormLabel-root-MuiInputLabel-root"[39m
                  [33mdata-shrink[39m=[32m"false"[39m
                  [33mfor[39m=[32m":r2:"[39m
                  [33mid[39m=[32m":r2:-label"[39m
                [36m>[39m
                  [0mChallenge title[0m
                [36m</label>[39m
                [36m<div[39m
                  [33mclass[39m=[32m"MuiInputBase-root MuiOutlinedInput-root MuiInputBase-colorPrimary MuiInputBase-fullWidth MuiInputBase-formControl css-1blp12k-MuiInputBase-root-MuiOutlinedInput-root"[39m
                [36m>[39m
                  [36m<input[39m
                    [33maria-invalid[39m=[32m"false"[39m
                    [33mclass[39m=[32m"MuiInputBase-input MuiOutlinedInput-input css-16wblaj-MuiInputBase-input-MuiOutlinedInput-input"[39m
                    [33mid[39m=[32m":r2:"[39m
                    [33mplaceholder[39m=[32m"Design a new task section"[39m
                    [33mtype[39m=[32m"text"[39m
                    [33mvalue[39m=[32m""[39m
                  [36m/>[39m
                  [36m<fieldset[39m
                    [33maria-hidden[39m=[32m"true"[39m
                    [33mclass[39m=[32m"MuiOutlinedInput-notchedOutline css-18p5xg2-MuiNotchedOutlined-root-MuiOutlinedInput-notchedOutline"[39m
                  [36m>[39m
                    [36m<legend[39m
                      [33mclass[39m=[32m"css-1n64csd-MuiNotchedOutlined-root"[39m
                    [36m>[39m
                      [36m<span>[39m
                        [0mChallenge title[0m
                      [36m</span>[39m
                    [36m</legend>[39m
                  [36m</fieldset>[39m
                [36m</div>[39m
              [36m</div>[39m
              [36m<button[39m
                [33mclass[39m=[32m"MuiButtonBase-root MuiButton-root MuiButton-contained MuiButton-sizeMedium MuiButton-colorPrimary css-1xwf61x-MuiButtonBase-root-MuiButton-root"[39m
                [33mtabindex[39m=[32m"0"[39m
                [33mtype[39m=[32m"button"[39m
              [36m>[39m
                [0mEnter title[0m
              [36m</button>[39m
            [36m</div>[39m
          [36m</div>[39m
        [36m</div>[39m
      [36m</div>[39m
      [36m<div[39m
        [33mclass[39m=[32m"MuiBox-root css-1mwdkd4"[39m
      [36m>[39m
        [36m<div[39m
          [33mclass[39m=[32m"MuiBox-root css-0"[39m
        [36m>[39m
          [36m<span[39m
            [33mclass[39m=[32m"MuiTypography-root MuiTypography-overline css-1c7xfgu-MuiTypography-root"[39m
          [36m>[39m
            [0mOverview[0m
          [36m</span>[39m
          [36m<h6[39m
            [33mclass[39m=[32m"MuiTypography-root MuiTypography-h6 css-12zfj8h-MuiTypography-root"[39m
          [36m>[39m
            [0mProgress board[0m
          [36m</h6>[39m
        [36m</div>[39m
        [36m<div[39m
          [33mclass[39m=[32m"MuiStack-root css-jfdv4h-MuiStack-root"[39m
        [36m>[39m
          [36m<div[39m
            [33mclass[39m=[32m"MuiBox-root css-69i1ev"[39m
          [36m>[39m
            [36m<p[39m
              [33mclass[39m=[32m"MuiTypography-root MuiTypography-body1 css-rizt0-MuiTypography-root"[39m
            [36m>[39m
              [0mCompleted[0m
            [36m</p>[39m
            [36m<span[39m
              [33mclass[39m=[32m"atom-badge"[39m
              [33mstyle[39m=[32m"background: rgba(16, 185, 129, 0.18); color: rgb(167, 243, 208);"[39m
            [36m>[39m
              [0mCompleted[0m
            [36m</span>[39m
          [36m</div>[39m
          [36m<div[39m
            [33mclass[39m=[32m"MuiBox-root css-69i1ev"[39m
          [36m>[39m
            [36m<p[39m
              [33mclass[39m=[32m"MuiTypography-root MuiTypography-body1 css-rizt0-MuiTypography-root"[39m
            [36m>[39m
              [0mPending[0m
            [36m</p>[39m
            [36m<span[39m
              [33mclass[39m=[32m"atom-badge"[39m
              [33mstyle[39m=[32m"background: rgba(245, 158, 11, 0.18); color: rgb(252, 211, 77);"[39m
            [36m>[39m
              [0mPending[0m
            [36m</span>[39m
          [36m</div>[39m
        [36m</div>[39m
        [36m<div[39m
          [33mclass[39m=[32m"MuiPaper-root MuiPaper-outlined MuiPaper-rounded css-au2cb0-MuiPaper-root"[39m
        [36m>[39m
          [36m<h6[39m
            [33mclass[39m=[32m"MuiTypography-root MuiTypography-subtitle2 css-1ypmsg6-MuiTypography-root"[39m
          [36m>[39m
            [0mNext milestone[0m
          [36m</h6>[39m
          [36m<p[39m
            [33mclass[39m=[32m"MuiTypography-root MuiTypography-body1 css-38rnu9-MuiTypography-root"[39m
          [36m>[39m
            [0mShare report by Friday[0m
          [36m</p>[39m
        [36m</div>[39m
      [36m</div>[39m
    [36m</div>[39m
  [36m</div>[39m
[36m</body>[39m
[90m [2mG¥»[22m Object.getElementError node_modules/@testing-library/dom/dist/config.js:[2m37:19[22m[39m
[90m [2mG¥»[22m node_modules/@testing-library/dom/dist/query-helpers.js:[2m76:38[22m[39m
[90m [2mG¥»[22m node_modules/@testing-library/dom/dist/query-helpers.js:[2m52:17[22m[39m
[90m [2mG¥»[22m node_modules/@testing-library/dom/dist/query-helpers.js:[2m95:19[22m[39m
[36m [2mG¥»[22m src/components/pages/DashboardPage/index.test.tsx:[2m9:19[22m[39m
    [90m  7|[39m     [34mrender[39m([33m<[39m[33mDashboardPage[39m [33m/[39m[33m>[39m)[33m;[39m
    [90m  8|[39m     // Since DashboardPage just renders DashboardTemplate, we test thaGÇª
    [90m  9|[39m     [34mexpect[39m(screen[33m.[39m[34mgetByRole[39m([32m"main"[39m))[33m.[39m[34mtoBeInTheDocument[39m()[33m;[39m
    [90m   |[39m                   [31m^[39m
    [90m 10|[39m   })[33m;[39m
    [90m 11|[39m })[33m;[39m
System.Management.Automation.RemoteException
[31m[2mGÄ»GÄ»GÄ»GÄ»GÄ»GÄ»GÄ»GÄ»GÄ»GÄ»GÄ»GÄ»GÄ»GÄ»GÄ»GÄ»GÄ»GÄ»GÄ»GÄ»GÄ»GÄ»[11/13]GÄ»[22m[39m
System.Management.Automation.RemoteException
[41m[1m FAIL [22m[49m src/components/organisms/Sidebar/index.test.tsx[2m > [22mSidebar[2m > [22mrenders menu items
[31m[1mTestingLibraryElementError[22m: Unable to find an element with the text: Dashboard. This could be because the text is broken up by multiple elements. In this case, you can provide a function for your text matcher to make your matcher more flexible.
System.Management.Automation.RemoteException
Ignored nodes: comments, script, style
[36m<body>[31m
  [36m<div>[31m
    [36m<div[31m
      [33mclass[31m=[32m"MuiBox-root css-1mwdkd4"[31m
    [36m>[31m
      [36m<div[31m
        [33mclass[31m=[32m"MuiBox-root css-0"[31m
      [36m>[31m
        [36m<span[31m
          [33mclass[31m=[32m"MuiTypography-root MuiTypography-overline css-1c7xfgu-MuiTypography-root"[31m
        [36m>[31m
          [0mOverview[0m
        [36m</span>[31m
        [36m<h6[31m
          [33mclass[31m=[32m"MuiTypography-root MuiTypography-h6 css-12zfj8h-MuiTypography-root"[31m
        [36m>[31m
          [0mProgress board[0m
        [36m</h6>[31m
      [36m</div>[31m
      [36m<div[31m
        [33mclass[31m=[32m"MuiStack-root css-jfdv4h-MuiStack-root"[31m
      [36m>[31m
        [36m<div[31m
          [33mclass[31m=[32m"MuiBox-root css-69i1ev"[31m
        [36m>[31m
          [36m<p[31m
            [33mclass[31m=[32m"MuiTypography-root MuiTypography-body1 css-rizt0-MuiTypography-root"[31m
          [36m>[31m
            [0mCompleted[0m
          [36m</p>[31m
          [36m<span[31m
            [33mclass[31m=[32m"atom-badge"[31m
            [33mstyle[31m=[32m"background: rgba(16, 185, 129, 0.18); color: rgb(167, 243, 208);"[31m
          [36m>[31m
            [0mCompleted[0m
          [36m</span>[31m
        [36m</div>[31m
        [36m<div[31m
          [33mclass[31m=[32m"MuiBox-root css-69i1ev"[31m
        [36m>[31m
          [36m<p[31m
            [33mclass[31m=[32m"MuiTypography-root MuiTypography-body1 css-rizt0-MuiTypography-root"[31m
          [36m>[31m
            [0mPending[0m
          [36m</p>[31m
          [36m<span[31m
            [33mclass[31m=[32m"atom-badge"[31m
            [33mstyle[31m=[32m"background: rgba(245, 158, 11, 0.18); color: rgb(252, 211, 77);"[31m
          [36m>[31m
            [0mPending[0m
          [36m</span>[31m
        [36m</div>[31m
      [36m</div>[31m
      [36m<div[31m
        [33mclass[31m=[32m"MuiPaper-root MuiPaper-outlined MuiPaper-rounded css-au2cb0-MuiPaper-root"[31m
      [36m>[31m
        [36m<h6[31m
          [33mclass[31m=[32m"MuiTypography-root MuiTypography-subtitle2 css-1ypmsg6-MuiTypography-root"[31m
        [36m>[31m
          [0mNext milestone[0m
        [36m</h6>[31m
        [36m<p[31m
          [33mclass[31m=[32m"MuiTypography-root MuiTypography-body1 css-38rnu9-MuiTypography-root"[31m
        [36m>[31m
          [0mShare report by Friday[0m
        [36m</p>[31m
      [36m</div>[31m
    [36m</div>[31m
  [36m</div>[31m
[36m</body>[31m[39m
[90m [2mG¥»[22m Object.getElementError node_modules/@testing-library/dom/dist/config.js:[2m37:19[22m[39m
[90m [2mG¥»[22m node_modules/@testing-library/dom/dist/query-helpers.js:[2m76:38[22m[39m
[90m [2mG¥»[22m node_modules/@testing-library/dom/dist/query-helpers.js:[2m52:17[22m[39m
[90m [2mG¥»[22m node_modules/@testing-library/dom/dist/query-helpers.js:[2m95:19[22m[39m
[36m [2mG¥»[22m src/components/organisms/Sidebar/index.test.tsx:[2m8:19[22m[39m
    [90m  6|[39m   [34mit[39m([32m"renders menu items"[39m[33m,[39m () [33m=>[39m {
    [90m  7|[39m     [34mrender[39m([33m<[39m[33mSidebar[39m [33m/[39m[33m>[39m)[33m;[39m
    [90m  8|[39m     [34mexpect[39m(screen[33m.[39m[34mgetByText[39m([32m"Dashboard"[39m))[33m.[39m[34mtoBeInTheDocument[39m()[33m;[39m
    [90m   |[39m                   [31m^[39m
    [90m  9|[39m     [34mexpect[39m(screen[33m.[39m[34mgetByText[39m([32m"Challenges"[39m))[33m.[39m[34mtoBeInTheDocument[39m()[33m;[39m
    [90m 10|[39m     [34mexpect[39m(screen[33m.[39m[34mgetByText[39m([32m"Settings"[39m))[33m.[39m[34mtoBeInTheDocument[39m()[33m;[39m
System.Management.Automation.RemoteException
[31m[2mGÄ»GÄ»GÄ»GÄ»GÄ»GÄ»GÄ»GÄ»GÄ»GÄ»GÄ»GÄ»GÄ»GÄ»GÄ»GÄ»GÄ»GÄ»GÄ»GÄ»GÄ»GÄ»[12/13]GÄ»[22m[39m
System.Management.Automation.RemoteException
[41m[1m FAIL [22m[49m src/components/organisms/Sidebar/index.test.tsx[2m > [22mSidebar[2m > [22mis a Drawer component
[31m[1mTestingLibraryElementError[22m: Unable to find an accessible element with the role "complementary"
System.Management.Automation.RemoteException
Here are the accessible roles:
System.Management.Automation.RemoteException
  heading:
System.Management.Automation.RemoteException
  Name "Progress board":
  [36m<h6[31m
    [33mclass[31m=[32m"MuiTypography-root MuiTypography-h6 css-12zfj8h-MuiTypography-root"[31m
  [36m/>[31m
System.Management.Automation.RemoteException
  Name "Next milestone":
  [36m<h6[31m
    [33mclass[31m=[32m"MuiTypography-root MuiTypography-subtitle2 css-1ypmsg6-MuiTypography-root"[31m
  [36m/>[31m
System.Management.Automation.RemoteException
  --------------------------------------------------
  paragraph:
System.Management.Automation.RemoteException
  Name "":
  [36m<p[31m
    [33mclass[31m=[32m"MuiTypography-root MuiTypography-body1 css-rizt0-MuiTypography-root"[31m
  [36m/>[31m
System.Management.Automation.RemoteException
  Name "":
  [36m<p[31m
    [33mclass[31m=[32m"MuiTypography-root MuiTypography-body1 css-rizt0-MuiTypography-root"[31m
  [36m/>[31m
System.Management.Automation.RemoteException
  Name "":
  [36m<p[31m
    [33mclass[31m=[32m"MuiTypography-root MuiTypography-body1 css-38rnu9-MuiTypography-root"[31m
  [36m/>[31m
System.Management.Automation.RemoteException
  --------------------------------------------------
System.Management.Automation.RemoteException
Ignored nodes: comments, script, style
[36m<body>[31m
  [36m<div>[31m
    [36m<div[31m
      [33mclass[31m=[32m"MuiBox-root css-1mwdkd4"[31m
    [36m>[31m
      [36m<div[31m
        [33mclass[31m=[32m"MuiBox-root css-0"[31m
      [36m>[31m
        [36m<span[31m
          [33mclass[31m=[32m"MuiTypography-root MuiTypography-overline css-1c7xfgu-MuiTypography-root"[31m
        [36m>[31m
          [0mOverview[0m
        [36m</span>[31m
        [36m<h6[31m
          [33mclass[31m=[32m"MuiTypography-root MuiTypography-h6 css-12zfj8h-MuiTypography-root"[31m
        [36m>[31m
          [0mProgress board[0m
        [36m</h6>[31m
      [36m</div>[31m
      [36m<div[31m
        [33mclass[31m=[32m"MuiStack-root css-jfdv4h-MuiStack-root"[31m
      [36m>[31m
        [36m<div[31m
          [33mclass[31m=[32m"MuiBox-root css-69i1ev"[31m
        [36m>[31m
          [36m<p[31m
            [33mclass[31m=[32m"MuiTypography-root MuiTypography-body1 css-rizt0-MuiTypography-root"[31m
          [36m>[31m
            [0mCompleted[0m
          [36m</p>[31m
          [36m<span[31m
            [33mclass[31m=[32m"atom-badge"[31m
            [33mstyle[31m=[32m"background: rgba(16, 185, 129, 0.18); color: rgb(167, 243, 208);"[31m
          [36m>[31m
            [0mCompleted[0m
          [36m</span>[31m
        [36m</div>[31m
        [36m<div[31m
          [33mclass[31m=[32m"MuiBox-root css-69i1ev"[31m
        [36m>[31m
          [36m<p[31m
            [33mclass[31m=[32m"MuiTypography-root MuiTypography-body1 css-rizt0-MuiTypography-root"[31m
          [36m>[31m
            [0mPending[0m
          [36m</p>[31m
          [36m<span[31m
            [33mclass[31m=[32m"atom-badge"[31m
            [33mstyle[31m=[32m"background: rgba(245, 158, 11, 0.18); color: rgb(252, 211, 77);"[31m
          [36m>[31m
            [0mPending[0m
          [36m</span>[31m
        [36m</div>[31m
      [36m</div>[31m
      [36m<div[31m
        [33mclass[31m=[32m"MuiPaper-root MuiPaper-outlined MuiPaper-rounded css-au2cb0-MuiPaper-root"[31m
      [36m>[31m
        [36m<h6[31m
          [33mclass[31m=[32m"MuiTypography-root MuiTypography-subtitle2 css-1ypmsg6-MuiTypography-root"[31m
        [36m>[31m
          [0mNext milestone[0m
        [36m</h6>[31m
        [36m<p[31m
          [33mclass[31m=[32m"MuiTypography-root MuiTypography-body1 css-38rnu9-MuiTypography-root"[31m
        [36m>[31m
          [0mShare report by Friday[0m
        [36m</p>[31m
      [36m</div>[31m
    [36m</div>[31m

[2m Test Files [22m [1m[31m6 failed[39m[22m[2m | [22m[1m[32m11 passed[39m[22m[90m (17)[39m
[2m      Tests [22m [1m[31m13 failed[39m[22m[2m | [22m[1m[32m47 passed[39m[22m[90m (60)[39m
[2m   Start at [22m 15:07:40
[2m   Duration [22m 41.99s[2m (transform 2.52s, setup 14.84s, import 120.16s, tests 40.49s, environment 143.05s)[22m

  [36m</div>[31m
[36m</body>[31m[39m
[90m [2mG¥»[22m Object.getElementError node_modules/@testing-library/dom/dist/config.js:[2m37:19[22m[39m
[90m [2mG¥»[22m node_modules/@testing-library/dom/dist/query-helpers.js:[2m76:38[22m[39m
[90m [2mG¥»[22m node_modules/@testing-library/dom/dist/query-helpers.js:[2m52:17[22m[39m
[90m [2mG¥»[22m node_modules/@testing-library/dom/dist/query-helpers.js:[2m95:19[22m[39m
[36m [2mG¥»[22m src/components/organisms/Sidebar/index.test.tsx:[2m15:28[22m[39m
    [90m 13|[39m   [34mit[39m([32m"is a Drawer component"[39m[33m,[39m () [33m=>[39m {
    [90m 14|[39m     [34mrender[39m([33m<[39m[33mSidebar[39m [33m/[39m[33m>[39m)[33m;[39m
    [90m 15|[39m     [35mconst[39m sidebar [33m=[39m screen[33m.[39m[34mgetByRole[39m([32m"complementary"[39m)[33m;[39m
    [90m   |[39m                            [31m^[39m
    [90m 16|[39m     [34mexpect[39m(sidebar)[33m.[39m[34mtoHaveClass[39m([32m"MuiDrawer-root"[39m)[33m;[39m
    [90m 17|[39m   })[33m;[39m
System.Management.Automation.RemoteException
[31m[2mGÄ»GÄ»GÄ»GÄ»GÄ»GÄ»GÄ»GÄ»GÄ»GÄ»GÄ»GÄ»GÄ»GÄ»GÄ»GÄ»GÄ»GÄ»GÄ»GÄ»GÄ»GÄ»[13/13]GÄ»[22m[39m
System.Management.Automation.RemoteException
